Archive member included to satisfy reference by file (symbol)

/Applications/ARM/bin/../lib/gcc/arm-none-eabi/11.2.1/thumb/v7-m/nofp/libgcc.a(_arm_mulsf3.o)
                              CMakeFiles/new_temp2.elf.dir/Core/LCD/lcd.c.obj (__aeabi_fmul)
/Applications/ARM/bin/../lib/gcc/arm-none-eabi/11.2.1/thumb/v7-m/nofp/libgcc.a(_arm_fixunssfsi.o)
                              CMakeFiles/new_temp2.elf.dir/Core/LCD/lcd.c.obj (__aeabi_f2uiz)
/Applications/ARM/bin/../lib/gcc/arm-none-eabi/11.2.1/../../../../arm-none-eabi/lib/thumb/v7-m/nofp/libc.a(lib_a-errno.o)
                              CMakeFiles/new_temp2.elf.dir/Core/Src/syscalls.c.obj (__errno)
/Applications/ARM/bin/../lib/gcc/arm-none-eabi/11.2.1/../../../../arm-none-eabi/lib/thumb/v7-m/nofp/libc.a(lib_a-exit.o)
                              /Applications/ARM/bin/../lib/gcc/arm-none-eabi/11.2.1/../../../../arm-none-eabi/lib/thumb/v7-m/nofp/crt0.o (exit)
/Applications/ARM/bin/../lib/gcc/arm-none-eabi/11.2.1/../../../../arm-none-eabi/lib/thumb/v7-m/nofp/libc.a(lib_a-impure.o)
                              /Applications/ARM/bin/../lib/gcc/arm-none-eabi/11.2.1/../../../../arm-none-eabi/lib/thumb/v7-m/nofp/libc.a(lib_a-exit.o) (_global_impure_ptr)
/Applications/ARM/bin/../lib/gcc/arm-none-eabi/11.2.1/../../../../arm-none-eabi/lib/thumb/v7-m/nofp/libc.a(lib_a-init.o)
                              /Applications/ARM/bin/../lib/gcc/arm-none-eabi/11.2.1/../../../../arm-none-eabi/lib/thumb/v7-m/nofp/crt0.o (__libc_init_array)
/Applications/ARM/bin/../lib/gcc/arm-none-eabi/11.2.1/../../../../arm-none-eabi/lib/thumb/v7-m/nofp/libc.a(lib_a-memset.o)
                              /Applications/ARM/bin/../lib/gcc/arm-none-eabi/11.2.1/../../../../arm-none-eabi/lib/thumb/v7-m/nofp/crt0.o (memset)
/Applications/ARM/bin/../lib/gcc/arm-none-eabi/11.2.1/../../../../arm-none-eabi/lib/thumb/v7-m/nofp/libc.a(lib_a-__call_atexit.o)
                              /Applications/ARM/bin/../lib/gcc/arm-none-eabi/11.2.1/../../../../arm-none-eabi/lib/thumb/v7-m/nofp/libc.a(lib_a-exit.o) (__call_exitprocs)

Discarded input sections

 .text          0x0000000000000000        0x0 /Applications/ARM/bin/../lib/gcc/arm-none-eabi/11.2.1/thumb/v7-m/nofp/crti.o
 .data          0x0000000000000000        0x0 /Applications/ARM/bin/../lib/gcc/arm-none-eabi/11.2.1/thumb/v7-m/nofp/crti.o
 .bss           0x0000000000000000        0x0 /Applications/ARM/bin/../lib/gcc/arm-none-eabi/11.2.1/thumb/v7-m/nofp/crti.o
 .text          0x0000000000000000        0x0 /Applications/ARM/bin/../lib/gcc/arm-none-eabi/11.2.1/thumb/v7-m/nofp/crtbegin.o
 .data          0x0000000000000000        0x0 /Applications/ARM/bin/../lib/gcc/arm-none-eabi/11.2.1/thumb/v7-m/nofp/crtbegin.o
 .bss           0x0000000000000000        0x0 /Applications/ARM/bin/../lib/gcc/arm-none-eabi/11.2.1/thumb/v7-m/nofp/crtbegin.o
 .rodata.all_implied_fbits
                0x0000000000000000       0x24 /Applications/ARM/bin/../lib/gcc/arm-none-eabi/11.2.1/thumb/v7-m/nofp/crtbegin.o
 .data.__dso_handle
                0x0000000000000000        0x4 /Applications/ARM/bin/../lib/gcc/arm-none-eabi/11.2.1/thumb/v7-m/nofp/crtbegin.o
 .text          0x0000000000000000       0x7c /Applications/ARM/bin/../lib/gcc/arm-none-eabi/11.2.1/../../../../arm-none-eabi/lib/thumb/v7-m/nofp/crt0.o
 .data          0x0000000000000000        0x0 /Applications/ARM/bin/../lib/gcc/arm-none-eabi/11.2.1/../../../../arm-none-eabi/lib/thumb/v7-m/nofp/crt0.o
 .bss           0x0000000000000000        0x0 /Applications/ARM/bin/../lib/gcc/arm-none-eabi/11.2.1/../../../../arm-none-eabi/lib/thumb/v7-m/nofp/crt0.o
 .ARM.extab     0x0000000000000000        0x0 /Applications/ARM/bin/../lib/gcc/arm-none-eabi/11.2.1/../../../../arm-none-eabi/lib/thumb/v7-m/nofp/crt0.o
 .ARM.exidx     0x0000000000000000       0x10 /Applications/ARM/bin/../lib/gcc/arm-none-eabi/11.2.1/../../../../arm-none-eabi/lib/thumb/v7-m/nofp/crt0.o
 .debug_line    0x0000000000000000       0x76 /Applications/ARM/bin/../lib/gcc/arm-none-eabi/11.2.1/../../../../arm-none-eabi/lib/thumb/v7-m/nofp/crt0.o
 .debug_line_str
                0x0000000000000000       0xb6 /Applications/ARM/bin/../lib/gcc/arm-none-eabi/11.2.1/../../../../arm-none-eabi/lib/thumb/v7-m/nofp/crt0.o
 .debug_info    0x0000000000000000       0x24 /Applications/ARM/bin/../lib/gcc/arm-none-eabi/11.2.1/../../../../arm-none-eabi/lib/thumb/v7-m/nofp/crt0.o
 .debug_abbrev  0x0000000000000000       0x14 /Applications/ARM/bin/../lib/gcc/arm-none-eabi/11.2.1/../../../../arm-none-eabi/lib/thumb/v7-m/nofp/crt0.o
 .debug_aranges
                0x0000000000000000       0x20 /Applications/ARM/bin/../lib/gcc/arm-none-eabi/11.2.1/../../../../arm-none-eabi/lib/thumb/v7-m/nofp/crt0.o
 .debug_str     0x0000000000000000       0xa0 /Applications/ARM/bin/../lib/gcc/arm-none-eabi/11.2.1/../../../../arm-none-eabi/lib/thumb/v7-m/nofp/crt0.o
 .ARM.attributes
[...]
Memory Configuration

Name             Origin             Length             Attributes
RAM              0x0000000020000000 0x0000000000005000 xrw
FLASH            0x0000000008000000 0x0000000000010000 xr
*default*        0x0000000000000000 0xffffffffffffffff

Linker script and memory map

LOAD /Applications/ARM/bin/../lib/gcc/arm-none-eabi/11.2.1/thumb/v7-m/nofp/crti.o
LOAD /Applications/ARM/bin/../lib/gcc/arm-none-eabi/11.2.1/thumb/v7-m/nofp/crtbegin.o
LOAD /Applications/ARM/bin/../lib/gcc/arm-none-eabi/11.2.1/../../../../arm-none-eabi/lib/thumb/v7-m/nofp/crt0.o
LOAD CMakeFiles/new_temp2.elf.dir/Core/LCD/lcd.c.obj
LOAD CMakeFiles/new_temp2.elf.dir/Core/LCD/lcd_init.c.obj
LOAD CMakeFiles/new_temp2.elf.dir/Core/SYSTEM/delay/delay.c.obj
LOAD CMakeFiles/new_temp2.elf.dir/Core/SYSTEM/sys/sys.c.obj
LOAD CMakeFiles/new_temp2.elf.dir/Core/Src/main.c.obj
LOAD CMakeFiles/new_temp2.elf.dir/Core/Src/stm32f1xx_hal_msp.c.obj
LOAD CMakeFiles/new_temp2.elf.dir/Core/Src/stm32f1xx_it.c.obj
LOAD CMakeFiles/new_temp2.elf.dir/Core/Src/syscalls.c.obj
LOAD CMakeFiles/new_temp2.elf.dir/Core/Src/sysmem.c.obj
LOAD CMakeFiles/new_temp2.elf.dir/Core/Src/system_stm32f1xx.c.obj
LOAD CMakeFiles/new_temp2.elf.dir/Core/Startup/startup_stm32f103c8tx.s.obj
LOAD CMakeFiles/new_temp2.elf.dir/Drivers/STM32F1xx_HAL_Driver/Src/stm32f1xx_hal.c.obj
LOAD CMakeFiles/new_temp2.elf.dir/Drivers/STM32F1xx_HAL_Driver/Src/stm32f1xx_hal_cortex.c.obj
LOAD CMakeFiles/new_temp2.elf.dir/Drivers/STM32F1xx_HAL_Driver/Src/stm32f1xx_hal_dma.c.obj
LOAD CMakeFiles/new_temp2.elf.dir/Drivers/STM32F1xx_HAL_Driver/Src/stm32f1xx_hal_exti.c.obj
LOAD CMakeFiles/new_temp2.elf.dir/Drivers/STM32F1xx_HAL_Driver/Src/stm32f1xx_hal_flash.c.obj
LOAD CMakeFiles/new_temp2.elf.dir/Drivers/STM32F1xx_HAL_Driver/Src/stm32f1xx_hal_flash_ex.c.obj
LOAD CMakeFiles/new_temp2.elf.dir/Drivers/STM32F1xx_HAL_Driver/Src/stm32f1xx_hal_gpio.c.obj
LOAD CMakeFiles/new_temp2.elf.dir/Drivers/STM32F1xx_HAL_Driver/Src/stm32f1xx_hal_gpio_ex.c.obj
LOAD CMakeFiles/new_temp2.elf.dir/Drivers/STM32F1xx_HAL_Driver/Src/stm32f1xx_hal_i2c.c.obj
LOAD CMakeFiles/new_temp2.elf.dir/Drivers/STM32F1xx_HAL_Driver/Src/stm32f1xx_hal_pwr.c.obj
LOAD CMakeFiles/new_temp2.elf.dir/Drivers/STM32F1xx_HAL_Driver/Src/stm32f1xx_hal_rcc.c.obj
LOAD CMakeFiles/new_temp2.elf.dir/Drivers/STM32F1xx_HAL_Driver/Src/stm32f1xx_hal_rcc_ex.c.obj
LOAD CMakeFiles/new_temp2.elf.dir/Drivers/STM32F1xx_HAL_Driver/Src/stm32f1xx_hal_spi.c.obj
LOAD CMakeFiles/new_temp2.elf.dir/Drivers/STM32F1xx_HAL_Driver/Src/stm32f1xx_hal_tim.c.obj
LOAD CMakeFiles/new_temp2.elf.dir/Drivers/STM32F1xx_HAL_Driver/Src/stm32f1xx_hal_tim_ex.c.obj
START GROUP
LOAD /Applications/ARM/bin/../lib/gcc/arm-none-eabi/11.2.1/thumb/v7-m/nofp/libgcc.a
LOAD /Applications/ARM/bin/../lib/gcc/arm-none-eabi/11.2.1/../../../../arm-none-eabi/lib/thumb/v7-m/nofp/libc.a
END GROUP
LOAD /Applications/ARM/bin/../lib/gcc/arm-none-eabi/11.2.1/thumb/v7-m/nofp/crtend.o
LOAD /Applications/ARM/bin/../lib/gcc/arm-none-eabi/11.2.1/thumb/v7-m/nofp/crtn.o
                0x0000000020005000                _estack = (ORIGIN (RAM) + LENGTH (RAM))
                0x0000000000000200                _Min_Heap_Size = 0x200
                0x0000000000000400                _Min_Stack_Size = 0x400

.isr_vector     0x0000000008000000      0x10c
                0x0000000008000000                . = ALIGN (0x4)
 *(.isr_vector)
 .isr_vector    0x0000000008000000      0x10c CMakeFiles/new_temp2.elf.dir/Core/Startup/startup_stm32f103c8tx.s.obj
                0x0000000008000000                g_pfnVectors
                0x000000000800010c                . = ALIGN (0x4)

.text           0x000000000800010c     0x1dac
                0x000000000800010c                . = ALIGN (0x4)
 *(.text)
 *(.text*)
 .text.deregister_tm_clones
                0x000000000800010c       0x1c /Applications/ARM/bin/../lib/gcc/arm-none-eabi/11.2.1/thumb/v7-m/nofp/crtbegin.o
 .text.register_tm_clones
                0x0000000008000128       0x24 /Applications/ARM/bin/../lib/gcc/arm-none-eabi/11.2.1/thumb/v7-m/nofp/crtbegin.o
 .text.__do_global_dtors_aux
                0x000000000800014c       0x28 /Applications/ARM/bin/../lib/gcc/arm-none-eabi/11.2.1/thumb/v7-m/nofp/crtbegin.o
 .text.frame_dummy
                0x0000000008000174       0x24 /Applications/ARM/bin/../lib/gcc/arm-none-eabi/11.2.1/thumb/v7-m/nofp/crtbegin.o
 .text.LCD_Fill
                0x0000000008000198       0x32 CMakeFiles/new_temp2.elf.dir/Core/LCD/lcd.c.obj
                0x0000000008000198                LCD_Fill
 .text.LCD_DrawPoint
                0x00000000080001ca       0x14 CMakeFiles/new_temp2.elf.dir/Core/LCD/lcd.c.obj
                0x00000000080001ca                LCD_DrawPoint
 *fill*         0x00000000080001de        0x2 
 .text.LCD_ShowChinese12x12
                0x00000000080001e0      0x114 CMakeFiles/new_temp2.elf.dir/Core/LCD/lcd.c.obj
                0x00000000080001e0                LCD_ShowChinese12x12
 .text.LCD_ShowChinese16x16
                0x00000000080002f4      0x11c CMakeFiles/new_temp2.elf.dir/Core/LCD/lcd.c.obj
                0x00000000080002f4                LCD_ShowChinese16x16
 .text.LCD_ShowChinese24x24
                0x0000000008000410      0x114 CMakeFiles/new_temp2.elf.dir/Core/LCD/lcd.c.obj
                0x0000000008000410                LCD_ShowChinese24x24
 .text.LCD_ShowChinese32x32
                0x0000000008000524      0x11c CMakeFiles/new_temp2.elf.dir/Core/LCD/lcd.c.obj
                0x0000000008000524                LCD_ShowChinese32x32
 .text.LCD_ShowChinese
                0x0000000008000640       0xf0 CMakeFiles/new_temp2.elf.dir/Core/LCD/lcd.c.obj
                0x0000000008000640                LCD_ShowChinese
 .text.LCD_ShowChar
                0x0000000008000730      0x17c CMakeFiles/new_temp2.elf.dir/Core/LCD/lcd.c.obj
                0x0000000008000730                LCD_ShowChar
 .text.LCD_ShowString
                0x00000000080008ac       0x42 CMakeFiles/new_temp2.elf.dir/Core/LCD/lcd.c.obj
                0x00000000080008ac                LCD_ShowString
 .text.mypow    0x00000000080008ee       0x16 CMakeFiles/new_temp2.elf.dir/Core/LCD/lcd.c.obj
                0x00000000080008ee                mypow
 .text.LCD_ShowIntNum
                0x0000000008000904       0x9c CMakeFiles/new_temp2.elf.dir/Core/LCD/lcd.c.obj
                0x0000000008000904                LCD_ShowIntNum
 .text.LCD_GPIO_Init
                0x00000000080009a0       0x30 CMakeFiles/new_temp2.elf.dir/Core/LCD/lcd_init.c.obj
                0x00000000080009a0                LCD_GPIO_Init
 .text.LCD_Writ_Bus
                0x00000000080009d0       0x60 CMakeFiles/new_temp2.elf.dir/Core/LCD/lcd_init.c.obj
                0x00000000080009d0                LCD_Writ_Bus
 .text.LCD_WR_DATA8
                0x0000000008000a30        0x8 CMakeFiles/new_temp2.elf.dir/Core/LCD/lcd_init.c.obj
                0x0000000008000a30                LCD_WR_DATA8
 .text.LCD_WR_DATA
                0x0000000008000a38       0x14 CMakeFiles/new_temp2.elf.dir/Core/LCD/lcd_init.c.obj
                0x0000000008000a38                LCD_WR_DATA
 .text.LCD_WR_REG
                0x0000000008000a4c       0x2c CMakeFiles/new_temp2.elf.dir/Core/LCD/lcd_init.c.obj
                0x0000000008000a4c                LCD_WR_REG
 .text.LCD_Address_Set
                0x0000000008000a78       0x36 CMakeFiles/new_temp2.elf.dir/Core/LCD/lcd_init.c.obj
                0x0000000008000a78                LCD_Address_Set
 *fill*         0x0000000008000aae        0x2 
 .text.LCD_Init
                0x0000000008000ab0      0x208 CMakeFiles/new_temp2.elf.dir/Core/LCD/lcd_init.c.obj
                0x0000000008000ab0                LCD_Init
 .text.delay_init
                0x0000000008000cb8       0x30 CMakeFiles/new_temp2.elf.dir/Core/SYSTEM/delay/delay.c.obj
                0x0000000008000cb8                delay_init
 .text.delay_ms
                0x0000000008000ce8       0x40 CMakeFiles/new_temp2.elf.dir/Core/SYSTEM/delay/delay.c.obj
                0x0000000008000ce8                delay_ms
 .text.MX_GPIO_Init
                0x0000000008000d28       0xc4 CMakeFiles/new_temp2.elf.dir/Core/Src/main.c.obj
 .text.Error_Handler
                0x0000000008000dec        0x4 CMakeFiles/new_temp2.elf.dir/Core/Src/main.c.obj
                0x0000000008000dec                Error_Handler
 .text.MX_I2C1_Init
                0x0000000008000df0       0x38 CMakeFiles/new_temp2.elf.dir/Core/Src/main.c.obj
 .text.MX_I2C2_Init
                0x0000000008000e28       0x38 CMakeFiles/new_temp2.elf.dir/Core/Src/main.c.obj
 .text.MX_SPI1_Init
                0x0000000008000e60       0x3c CMakeFiles/new_temp2.elf.dir/Core/Src/main.c.obj
 .text.SystemClock_Config
                0x0000000008000e9c       0x64 CMakeFiles/new_temp2.elf.dir/Core/Src/main.c.obj
                0x0000000008000e9c                SystemClock_Config
 .text.main     0x0000000008000f00       0xb4 CMakeFiles/new_temp2.elf.dir/Core/Src/main.c.obj
                0x0000000008000f00                main
 .text.HAL_MspInit
                0x0000000008000fb4       0x44 CMakeFiles/new_temp2.elf.dir/Core/Src/stm32f1xx_hal_msp.c.obj
                0x0000000008000fb4                HAL_MspInit
 .text.HAL_I2C_MspInit
                0x0000000008000ff8       0xac CMakeFiles/new_temp2.elf.dir/Core/Src/stm32f1xx_hal_msp.c.obj
                0x0000000008000ff8                HAL_I2C_MspInit
 .text.HAL_SPI_MspInit
                0x00000000080010a4       0x70 CMakeFiles/new_temp2.elf.dir/Core/Src/stm32f1xx_hal_msp.c.obj
                0x00000000080010a4                HAL_SPI_MspInit
 .text.NMI_Handler
                0x0000000008001114        0x2 CMakeFiles/new_temp2.elf.dir/Core/Src/stm32f1xx_it.c.obj
                0x0000000008001114                NMI_Handler
 .text.HardFault_Handler
                0x0000000008001116        0x2 CMakeFiles/new_temp2.elf.dir/Core/Src/stm32f1xx_it.c.obj
                0x0000000008001116                HardFault_Handler
 .text.MemManage_Handler
                0x0000000008001118        0x2 CMakeFiles/new_temp2.elf.dir/Core/Src/stm32f1xx_it.c.obj
                0x0000000008001118                MemManage_Handler
 .text.BusFault_Handler
                0x000000000800111a        0x2 CMakeFiles/new_temp2.elf.dir/Core/Src/stm32f1xx_it.c.obj
                0x000000000800111a                BusFault_Handler
 .text.UsageFault_Handler
                0x000000000800111c        0x2 CMakeFiles/new_temp2.elf.dir/Core/Src/stm32f1xx_it.c.obj
                0x000000000800111c                UsageFault_Handler
 .text.SVC_Handler
                0x000000000800111e        0x2 CMakeFiles/new_temp2.elf.dir/Core/Src/stm32f1xx_it.c.obj
                0x000000000800111e                SVC_Handler
 .text.DebugMon_Handler
                0x0000000008001120        0x2 CMakeFiles/new_temp2.elf.dir/Core/Src/stm32f1xx_it.c.obj
                0x0000000008001120                DebugMon_Handler
 .text.PendSV_Handler
                0x0000000008001122        0x2 CMakeFiles/new_temp2.elf.dir/Core/Src/stm32f1xx_it.c.obj
                0x0000000008001122                PendSV_Handler
 .text.SysTick_Handler
                0x0000000008001124        0x8 CMakeFiles/new_temp2.elf.dir/Core/Src/stm32f1xx_it.c.obj
                0x0000000008001124                SysTick_Handler
 .text.SystemInit
                0x000000000800112c        0x2 CMakeFiles/new_temp2.elf.dir/Core/Src/system_stm32f1xx.c.obj
                0x000000000800112c                SystemInit
 *fill*         0x000000000800112e        0x2 
 .text.Reset_Handler
                0x0000000008001130       0x48 CMakeFiles/new_temp2.elf.dir/Core/Startup/startup_stm32f103c8tx.s.obj
                0x0000000008001130                Reset_Handler
 .text.Default_Handler
                0x0000000008001178        0x2 CMakeFiles/new_temp2.elf.dir/Core/Startup/startup_stm32f103c8tx.s.obj
                0x0000000008001178                USBWakeUp_IRQHandler
                0x0000000008001178                EXTI2_IRQHandler
                0x0000000008001178                TIM1_CC_IRQHandler
                0x0000000008001178                PVD_IRQHandler
                0x0000000008001178                EXTI3_IRQHandler
                0x0000000008001178                EXTI0_IRQHandler
                0x0000000008001178                I2C2_EV_IRQHandler
                0x0000000008001178                ADC1_2_IRQHandler
                0x0000000008001178                SPI1_IRQHandler
                0x0000000008001178                TAMPER_IRQHandler
                0x0000000008001178                DMA1_Channel4_IRQHandler
                0x0000000008001178                USART3_IRQHandler
                0x0000000008001178                RTC_IRQHandler
                0x0000000008001178                DMA1_Channel7_IRQHandler
                0x0000000008001178                CAN1_RX1_IRQHandler
                0x0000000008001178                TIM4_IRQHandler
                0x0000000008001178                I2C1_EV_IRQHandler
                0x0000000008001178                DMA1_Channel6_IRQHandler
                0x0000000008001178                TIM3_IRQHandler
                0x0000000008001178                RCC_IRQHandler
                0x0000000008001178                TIM1_TRG_COM_IRQHandler
                0x0000000008001178                DMA1_Channel1_IRQHandler
                0x0000000008001178                Default_Handler
                0x0000000008001178                EXTI15_10_IRQHandler
                0x0000000008001178                EXTI9_5_IRQHandler
                0x0000000008001178                SPI2_IRQHandler
                0x0000000008001178                DMA1_Channel5_IRQHandler
                0x0000000008001178                EXTI4_IRQHandler
                0x0000000008001178                USB_LP_CAN1_RX0_IRQHandler
                0x0000000008001178                USB_HP_CAN1_TX_IRQHandler
                0x0000000008001178                DMA1_Channel3_IRQHandler
                0x0000000008001178                TIM1_UP_IRQHandler
                0x0000000008001178                WWDG_IRQHandler
                0x0000000008001178                TIM2_IRQHandler
                0x0000000008001178                TIM1_BRK_IRQHandler
                0x0000000008001178                EXTI1_IRQHandler
                0x0000000008001178                USART2_IRQHandler
                0x0000000008001178                I2C2_ER_IRQHandler
                0x0000000008001178                DMA1_Channel2_IRQHandler
                0x0000000008001178                CAN1_SCE_IRQHandler
                0x0000000008001178                FLASH_IRQHandler
                0x0000000008001178                USART1_IRQHandler
                0x0000000008001178                I2C1_ER_IRQHandler
                0x0000000008001178                RTC_Alarm_IRQHandler
 *fill*         0x000000000800117a        0x2 
 .text.HAL_InitTick
                0x000000000800117c       0x4c CMakeFiles/new_temp2.elf.dir/Drivers/STM32F1xx_HAL_Driver/Src/stm32f1xx_hal.c.obj
                0x000000000800117c                HAL_InitTick
 .text.HAL_Init
                0x00000000080011c8       0x24 CMakeFiles/new_temp2.elf.dir/Drivers/STM32F1xx_HAL_Driver/Src/stm32f1xx_hal.c.obj
                0x00000000080011c8                HAL_Init
 .text.HAL_IncTick
                0x00000000080011ec       0x18 CMakeFiles/new_temp2.elf.dir/Drivers/STM32F1xx_HAL_Driver/Src/stm32f1xx_hal.c.obj
                0x00000000080011ec                HAL_IncTick
 .text.HAL_GetTick
                0x0000000008001204        0xc CMakeFiles/new_temp2.elf.dir/Drivers/STM32F1xx_HAL_Driver/Src/stm32f1xx_hal.c.obj
                0x0000000008001204                HAL_GetTick
 .text.HAL_NVIC_SetPriorityGrouping
                0x0000000008001210       0x24 CMakeFiles/new_temp2.elf.dir/Drivers/STM32F1xx_HAL_Driver/Src/stm32f1xx_hal_cortex.c.obj
                0x0000000008001210                HAL_NVIC_SetPriorityGrouping
 .text.HAL_NVIC_SetPriority
                0x0000000008001234       0x70 CMakeFiles/new_temp2.elf.dir/Drivers/STM32F1xx_HAL_Driver/Src/stm32f1xx_hal_cortex.c.obj
                0x0000000008001234                HAL_NVIC_SetPriority
 .text.HAL_SYSTICK_Config
                0x00000000080012a4       0x28 CMakeFiles/new_temp2.elf.dir/Drivers/STM32F1xx_HAL_Driver/Src/stm32f1xx_hal_cortex.c.obj
                0x00000000080012a4                HAL_SYSTICK_Config
 .text.HAL_GPIO_Init
                0x00000000080012cc      0x224 CMakeFiles/new_temp2.elf.dir/Drivers/STM32F1xx_HAL_Driver/Src/stm32f1xx_hal_gpio.c.obj
                0x00000000080012cc                HAL_GPIO_Init
 .text.HAL_GPIO_WritePin
                0x00000000080014f0        0xc CMakeFiles/new_temp2.elf.dir/Drivers/STM32F1xx_HAL_Driver/Src/stm32f1xx_hal_gpio.c.obj
                0x00000000080014f0                HAL_GPIO_WritePin
 .text.HAL_I2C_Init
                0x00000000080014fc      0x1bc CMakeFiles/new_temp2.elf.dir/Drivers/STM32F1xx_HAL_Driver/Src/stm32f1xx_hal_i2c.c.obj
                0x00000000080014fc                HAL_I2C_Init
 .text.RCC_Delay
                0x00000000080016b8       0x2c CMakeFiles/new_temp2.elf.dir/Drivers/STM32F1xx_HAL_Driver/Src/stm32f1xx_hal_rcc.c.obj
 .text.HAL_RCC_OscConfig
                0x00000000080016e4      0x410 CMakeFiles/new_temp2.elf.dir/Drivers/STM32F1xx_HAL_Driver/Src/stm32f1xx_hal_rcc.c.obj
                0x00000000080016e4                HAL_RCC_OscConfig
 .text.HAL_RCC_GetSysClockFreq
                0x0000000008001af4       0x70 CMakeFiles/new_temp2.elf.dir/Drivers/STM32F1xx_HAL_Driver/Src/stm32f1xx_hal_rcc.c.obj
                0x0000000008001af4                HAL_RCC_GetSysClockFreq
 .text.HAL_RCC_ClockConfig
                0x0000000008001b64      0x16c CMakeFiles/new_temp2.elf.dir/Drivers/STM32F1xx_HAL_Driver/Src/stm32f1xx_hal_rcc.c.obj
                0x0000000008001b64                HAL_RCC_ClockConfig
 .text.HAL_RCC_GetHCLKFreq
                0x0000000008001cd0        0xc CMakeFiles/new_temp2.elf.dir/Drivers/STM32F1xx_HAL_Driver/Src/stm32f1xx_hal_rcc.c.obj
                0x0000000008001cd0                HAL_RCC_GetHCLKFreq
 .text.HAL_RCC_GetPCLK1Freq
                0x0000000008001cdc       0x20 CMakeFiles/new_temp2.elf.dir/Drivers/STM32F1xx_HAL_Driver/Src/stm32f1xx_hal_rcc.c.obj
                0x0000000008001cdc                HAL_RCC_GetPCLK1Freq
 .text.HAL_SPI_Init
                0x0000000008001cfc       0xb6 CMakeFiles/new_temp2.elf.dir/Drivers/STM32F1xx_HAL_Driver/Src/stm32f1xx_hal_spi.c.obj
                0x0000000008001cfc                HAL_SPI_Init
 *fill*         0x0000000008001db2        0x2 
 .text.__libc_init_array
                0x0000000008001db4       0x48 /Applications/ARM/bin/../lib/gcc/arm-none-eabi/11.2.1/../../../../arm-none-eabi/lib/thumb/v7-m/nofp/libc.a(lib_a-init.o)
                0x0000000008001db4                __libc_init_array
 .text.memset   0x0000000008001dfc       0xa4 /Applications/ARM/bin/../lib/gcc/arm-none-eabi/11.2.1/../../../../arm-none-eabi/lib/thumb/v7-m/nofp/libc.a(lib_a-memset.o)
                0x0000000008001dfc                memset
 *(.glue_7)
 .glue_7        0x0000000008001ea0        0x0 linker stubs
 *(.glue_7t)
 .glue_7t       0x0000000008001ea0        0x0 linker stubs
 *(.eh_frame)
 .eh_frame      0x0000000008001ea0        0x0 /Applications/ARM/bin/../lib/gcc/arm-none-eabi/11.2.1/thumb/v7-m/nofp/crtbegin.o
 *(.init)
 .init          0x0000000008001ea0        0x4 /Applications/ARM/bin/../lib/gcc/arm-none-eabi/11.2.1/thumb/v7-m/nofp/crti.o
                0x0000000008001ea0                _init
 .init          0x0000000008001ea4        0x8 /Applications/ARM/bin/../lib/gcc/arm-none-eabi/11.2.1/thumb/v7-m/nofp/crtn.o
 *(.fini)
 .fini          0x0000000008001eac        0x4 /Applications/ARM/bin/../lib/gcc/arm-none-eabi/11.2.1/thumb/v7-m/nofp/crti.o
                0x0000000008001eac                _fini
 .fini          0x0000000008001eb0        0x8 /Applications/ARM/bin/../lib/gcc/arm-none-eabi/11.2.1/thumb/v7-m/nofp/crtn.o
                0x0000000008001eb8                . = ALIGN (0x4)
                0x0000000008001eb8                _etext = .

.vfp11_veneer   0x0000000008001eb8        0x0
 .vfp11_veneer  0x0000000008001eb8        0x0 linker stubs

.v4_bx          0x0000000008001eb8        0x0
 .v4_bx         0x0000000008001eb8        0x0 linker stubs

.iplt           0x0000000008001eb8        0x0
 .iplt          0x0000000008001eb8        0x0 /Applications/ARM/bin/../lib/gcc/arm-none-eabi/11.2.1/thumb/v7-m/nofp/crtbegin.o

.rodata         0x0000000008001eb8     0x3970
                0x0000000008001eb8                . = ALIGN (0x4)
 *(.rodata)
 *(.rodata*)
 .rodata.ascii_1206
                0x0000000008001eb8      0x474 CMakeFiles/new_temp2.elf.dir/Core/LCD/lcd.c.obj
                0x0000000008001eb8                ascii_1206
 .rodata.ascii_1608
                0x000000000800232c      0x5f0 CMakeFiles/new_temp2.elf.dir/Core/LCD/lcd.c.obj
                0x000000000800232c                ascii_1608
 .rodata.ascii_2412
                0x000000000800291c     0x11d0 CMakeFiles/new_temp2.elf.dir/Core/LCD/lcd.c.obj
                0x000000000800291c                ascii_2412
 .rodata.ascii_3216
                0x0000000008003aec     0x17c0 CMakeFiles/new_temp2.elf.dir/Core/LCD/lcd.c.obj
                0x0000000008003aec                ascii_3216
 .rodata.tfont12
                0x00000000080052ac       0x82 CMakeFiles/new_temp2.elf.dir/Core/LCD/lcd.c.obj
                0x00000000080052ac                tfont12
 *fill*         0x000000000800532e        0x2 
 .rodata.tfont16
                0x0000000008005330       0xaa CMakeFiles/new_temp2.elf.dir/Core/LCD/lcd.c.obj
                0x0000000008005330                tfont16
 *fill*         0x00000000080053da        0x2 
 .rodata.tfont24
                0x00000000080053dc      0x172 CMakeFiles/new_temp2.elf.dir/Core/LCD/lcd.c.obj
                0x00000000080053dc                tfont24
 *fill*         0x000000000800554e        0x2 
 .rodata.tfont32
                0x0000000008005550      0x28a CMakeFiles/new_temp2.elf.dir/Core/LCD/lcd.c.obj
                0x0000000008005550                tfont32
 *fill*         0x00000000080057da        0x2 
 .rodata.main.str1.4
                0x00000000080057dc       0x1f CMakeFiles/new_temp2.elf.dir/Core/Src/main.c.obj
 *fill*         0x00000000080057fb        0x1 
 .rodata.AHBPrescTable
                0x00000000080057fc       0x10 CMakeFiles/new_temp2.elf.dir/Core/Src/system_stm32f1xx.c.obj
                0x00000000080057fc                AHBPrescTable
 .rodata.APBPrescTable
                0x000000000800580c        0x8 CMakeFiles/new_temp2.elf.dir/Core/Src/system_stm32f1xx.c.obj
                0x000000000800580c                APBPrescTable
 .rodata.HAL_RCC_GetSysClockFreq.str1.4
                0x0000000008005814       0x11 CMakeFiles/new_temp2.elf.dir/Drivers/STM32F1xx_HAL_Driver/Src/stm32f1xx_hal_rcc.c.obj
                0x0000000008005828                . = ALIGN (0x4)
 *fill*         0x0000000008005825        0x3 

.rel.dyn        0x0000000008005828        0x0
 .rel.iplt      0x0000000008005828        0x0 /Applications/ARM/bin/../lib/gcc/arm-none-eabi/11.2.1/thumb/v7-m/nofp/crtbegin.o

.ARM.extab      0x0000000008005828        0x0
                0x0000000008005828                . = ALIGN (0x4)
 *(.ARM.extab* .gnu.linkonce.armextab.*)
                0x0000000008005828                . = ALIGN (0x4)

.ARM            0x0000000008005828        0x0
                0x0000000008005828                . = ALIGN (0x4)
                0x0000000008005828                __exidx_start = .
 *(.ARM.exidx*)
                0x0000000008005828                __exidx_end = .
                0x0000000008005828                . = ALIGN (0x4)

.preinit_array  0x0000000008005828        0x0
                0x0000000008005828                . = ALIGN (0x4)
                0x0000000008005828                PROVIDE (__preinit_array_start = .)
 *(.preinit_array*)
                0x0000000008005828                PROVIDE (__preinit_array_end = .)
                0x0000000008005828                . = ALIGN (0x4)

.init_array     0x0000000008005828        0x4
                0x0000000008005828                . = ALIGN (0x4)
                0x0000000008005828                PROVIDE (__init_array_start = .)
 *(SORT_BY_NAME(.init_array.*))
 *(.init_array*)
 .init_array    0x0000000008005828        0x4 /Applications/ARM/bin/../lib/gcc/arm-none-eabi/11.2.1/thumb/v7-m/nofp/crtbegin.o
                0x000000000800582c                PROVIDE (__init_array_end = .)
                0x000000000800582c                . = ALIGN (0x4)

.fini_array     0x000000000800582c        0x4
                0x000000000800582c                . = ALIGN (0x4)
                [!provide]                        PROVIDE (__fini_array_start = .)
 *(SORT_BY_NAME(.fini_array.*))
 *(.fini_array*)
 .fini_array    0x000000000800582c        0x4 /Applications/ARM/bin/../lib/gcc/arm-none-eabi/11.2.1/thumb/v7-m/nofp/crtbegin.o
                [!provide]                        PROVIDE (__fini_array_end = .)
                0x0000000008005830                . = ALIGN (0x4)
                0x0000000008005830                _sidata = LOADADDR (.data)

.data           0x0000000020000000        0xc load address 0x0000000008005830
                0x0000000020000000                . = ALIGN (0x4)
                0x0000000020000000                _sdata = .
 *(.data)
 *(.data*)
 .data.SystemCoreClock
                0x0000000020000000        0x4 CMakeFiles/new_temp2.elf.dir/Core/Src/system_stm32f1xx.c.obj
                0x0000000020000000                SystemCoreClock
 .data.uwTickFreq
                0x0000000020000004        0x1 CMakeFiles/new_temp2.elf.dir/Drivers/STM32F1xx_HAL_Driver/Src/stm32f1xx_hal.c.obj
                0x0000000020000004                uwTickFreq
 *fill*         0x0000000020000005        0x3 
 .data.uwTickPrio
                0x0000000020000008        0x4 CMakeFiles/new_temp2.elf.dir/Drivers/STM32F1xx_HAL_Driver/Src/stm32f1xx_hal.c.obj
                0x0000000020000008                uwTickPrio
 *(.RamFunc)
 *(.RamFunc*)
                0x000000002000000c                . = ALIGN (0x4)
                0x000000002000000c                _edata = .

.tm_clone_table
                0x000000002000000c        0x0 load address 0x000000000800583c
 .tm_clone_table
                0x000000002000000c        0x0 /Applications/ARM/bin/../lib/gcc/arm-none-eabi/11.2.1/thumb/v7-m/nofp/crtbegin.o
 .tm_clone_table
                0x000000002000000c        0x0 /Applications/ARM/bin/../lib/gcc/arm-none-eabi/11.2.1/thumb/v7-m/nofp/crtend.o

.igot.plt       0x000000002000000c        0x0 load address 0x000000000800583c
 .igot.plt      0x000000002000000c        0x0 /Applications/ARM/bin/../lib/gcc/arm-none-eabi/11.2.1/thumb/v7-m/nofp/crtbegin.o
                0x000000002000000c                . = ALIGN (0x4)

.bss            0x000000002000000c      0x128 load address 0x000000000800583c
                0x000000002000000c                _sbss = .
                0x000000002000000c                __bss_start__ = _sbss
 *(.bss)
 *(.bss*)
 .bss.completed.1
                0x000000002000000c        0x1 /Applications/ARM/bin/../lib/gcc/arm-none-eabi/11.2.1/thumb/v7-m/nofp/crtbegin.o
 *fill*         0x000000002000000d        0x3 
 .bss.object.0  0x0000000020000010       0x18 /Applications/ARM/bin/../lib/gcc/arm-none-eabi/11.2.1/thumb/v7-m/nofp/crtbegin.o
 .bss.fac_ms    0x0000000020000028        0x4 CMakeFiles/new_temp2.elf.dir/Core/SYSTEM/delay/delay.c.obj
 .bss.fac_us    0x000000002000002c        0x1 CMakeFiles/new_temp2.elf.dir/Core/SYSTEM/delay/delay.c.obj
 *fill*         0x000000002000002d        0x3 
 .bss.hi2c1     0x0000000020000030       0x54 CMakeFiles/new_temp2.elf.dir/Core/Src/main.c.obj
                0x0000000020000030                hi2c1
 .bss.hi2c2     0x0000000020000084       0x54 CMakeFiles/new_temp2.elf.dir/Core/Src/main.c.obj
                0x0000000020000084                hi2c2
 .bss.hspi1     0x00000000200000d8       0x58 CMakeFiles/new_temp2.elf.dir/Core/Src/main.c.obj
                0x00000000200000d8                hspi1
 .bss.uwTick    0x0000000020000130        0x4 CMakeFiles/new_temp2.elf.dir/Drivers/STM32F1xx_HAL_Driver/Src/stm32f1xx_hal.c.obj
                0x0000000020000130                uwTick
 *(COMMON)
                0x0000000020000134                . = ALIGN (0x4)
                0x0000000020000134                _ebss = .
                0x0000000020000134                __bss_end__ = _ebss

._user_heap_stack
                0x0000000020000134      0x604 load address 0x000000000800583c
                0x0000000020000138                . = ALIGN (0x8)
 *fill*         0x0000000020000134        0x4 
                [!provide]                        PROVIDE (end = .)
                0x0000000020000138                PROVIDE (_end = .)
                0x0000000020000338                . = (. + _Min_Heap_Size)
 *fill*         0x0000000020000138      0x200 
                0x0000000020000738                . = (. + _Min_Stack_Size)
 *fill*         0x0000000020000338      0x400 
                0x0000000020000738                . = ALIGN (0x8)

/DISCARD/
 libc.a(*)
 libm.a(*)
 libgcc.a(*)

.ARM.attributes
                0x0000000000000000       0x29
 *(.ARM.attributes)
 .ARM.attributes
                0x0000000000000000       0x1d /Applications/ARM/bin/../lib/gcc/arm-none-eabi/11.2.1/thumb/v7-m/nofp/crti.o
 .ARM.attributes
                0x000000000000001d       0x2d /Applications/ARM/bin/../lib/gcc/arm-none-eabi/11.2.1/thumb/v7-m/nofp/crtbegin.o
 .ARM.attributes
                0x000000000000004a       0x2d CMakeFiles/new_temp2.elf.dir/Core/LCD/lcd.c.obj
 .ARM.attributes
                0x0000000000000077       0x2d CMakeFiles/new_temp2.elf.dir/Core/LCD/lcd_init.c.obj
 .ARM.attributes
                0x00000000000000a4       0x2d CMakeFiles/new_temp2.elf.dir/Core/SYSTEM/delay/delay.c.obj
 .ARM.attributes
                0x00000000000000d1       0x2d CMakeFiles/new_temp2.elf.dir/Core/Src/main.c.obj
 .ARM.attributes
                0x00000000000000fe       0x2d CMakeFiles/new_temp2.elf.dir/Core/Src/stm32f1xx_hal_msp.c.obj
 .ARM.attributes
                0x000000000000012b       0x2d CMakeFiles/new_temp2.elf.dir/Core/Src/stm32f1xx_it.c.obj
 .ARM.attributes
                0x0000000000000158       0x2d CMakeFiles/new_temp2.elf.dir/Core/Src/system_stm32f1xx.c.obj
 .ARM.attributes
                0x0000000000000185       0x21 CMakeFiles/new_temp2.elf.dir/Core/Startup/startup_stm32f103c8tx.s.obj
 .ARM.attributes
                0x00000000000001a6       0x2d CMakeFiles/new_temp2.elf.dir/Drivers/STM32F1xx_HAL_Driver/Src/stm32f1xx_hal.c.obj
 .ARM.attributes
                0x00000000000001d3       0x2d CMakeFiles/new_temp2.elf.dir/Drivers/STM32F1xx_HAL_Driver/Src/stm32f1xx_hal_cortex.c.obj
 .ARM.attributes
                0x0000000000000200       0x2d CMakeFiles/new_temp2.elf.dir/Drivers/STM32F1xx_HAL_Driver/Src/stm32f1xx_hal_gpio.c.obj
 .ARM.attributes
                0x000000000000022d       0x2d CMakeFiles/new_temp2.elf.dir/Drivers/STM32F1xx_HAL_Driver/Src/stm32f1xx_hal_i2c.c.obj
 .ARM.attributes
                0x000000000000025a       0x2d CMakeFiles/new_temp2.elf.dir/Drivers/STM32F1xx_HAL_Driver/Src/stm32f1xx_hal_rcc.c.obj
 .ARM.attributes
                0x0000000000000287       0x2d CMakeFiles/new_temp2.elf.dir/Drivers/STM32F1xx_HAL_Driver/Src/stm32f1xx_hal_spi.c.obj
 .ARM.attributes
                0x00000000000002b4       0x2d /Applications/ARM/bin/../lib/gcc/arm-none-eabi/11.2.1/../../../../arm-none-eabi/lib/thumb/v7-m/nofp/libc.a(lib_a-init.o)
 .ARM.attributes
                0x00000000000002e1       0x2d /Applications/ARM/bin/../lib/gcc/arm-none-eabi/11.2.1/../../../../arm-none-eabi/lib/thumb/v7-m/nofp/libc.a(lib_a-memset.o)
 .ARM.attributes
                0x000000000000030e       0x2d /Applications/ARM/bin/../lib/gcc/arm-none-eabi/11.2.1/thumb/v7-m/nofp/crtend.o
 .ARM.attributes
                0x000000000000033b       0x1d /Applications/ARM/bin/../lib/gcc/arm-none-eabi/11.2.1/thumb/v7-m/nofp/crtn.o
OUTPUT(new_temp2.elf elf32-littlearm)
LOAD linker stubs
LOAD /Applications/ARM/bin/../lib/gcc/arm-none-eabi/11.2.1/../../../../arm-none-eabi/lib/thumb/v7-m/nofp/libc.a
LOAD /Applications/ARM/bin/../lib/gcc/arm-none-eabi/11.2.1/../../../../arm-none-eabi/lib/thumb/v7-m/nofp/libm.a
LOAD /Applications/ARM/bin/../lib/gcc/arm-none-eabi/11.2.1/thumb/v7-m/nofp/libgcc.a

.comment        0x0000000000000000       0x57
 .comment       0x0000000000000000       0x57 /Applications/ARM/bin/../lib/gcc/arm-none-eabi/11.2.1/thumb/v7-m/nofp/crtbegin.o
                                         0x58 (size before relaxing)
 .comment       0x0000000000000057       0x58 CMakeFiles/new_temp2.elf.dir/Core/LCD/lcd.c.obj
 .comment       0x0000000000000057       0x58 CMakeFiles/new_temp2.elf.dir/Core/LCD/lcd_init.c.obj
 .comment       0x0000000000000057       0x58 CMakeFiles/new_temp2.elf.dir/Core/SYSTEM/delay/delay.c.obj
 .comment       0x0000000000000057       0x58 CMakeFiles/new_temp2.elf.dir/Core/Src/main.c.obj
 .comment       0x0000000000000057       0x58 CMakeFiles/new_temp2.elf.dir/Core/Src/stm32f1xx_hal_msp.c.obj
 .comment       0x0000000000000057       0x58 CMakeFiles/new_temp2.elf.dir/Core/Src/stm32f1xx_it.c.obj
 .comment       0x0000000000000057       0x58 CMakeFiles/new_temp2.elf.dir/Core/Src/system_stm32f1xx.c.obj
 .comment       0x0000000000000057       0x58 CMakeFiles/new_temp2.elf.dir/Drivers/STM32F1xx_HAL_Driver/Src/stm32f1xx_hal.c.obj
 .comment       0x0000000000000057       0x58 CMakeFiles/new_temp2.elf.dir/Drivers/STM32F1xx_HAL_Driver/Src/stm32f1xx_hal_cortex.c.obj
 .comment       0x0000000000000057       0x58 CMakeFiles/new_temp2.elf.dir/Drivers/STM32F1xx_HAL_Driver/Src/stm32f1xx_hal_gpio.c.obj
 .comment       0x0000000000000057       0x58 CMakeFiles/new_temp2.elf.dir/Drivers/STM32F1xx_HAL_Driver/Src/stm32f1xx_hal_i2c.c.obj
 .comment       0x0000000000000057       0x58 CMakeFiles/new_temp2.elf.dir/Drivers/STM32F1xx_HAL_Driver/Src/stm32f1xx_hal_rcc.c.obj
 .comment       0x0000000000000057       0x58 CMakeFiles/new_temp2.elf.dir/Drivers/STM32F1xx_HAL_Driver/Src/stm32f1xx_hal_spi.c.obj
 .comment       0x0000000000000057       0x58 /Applications/ARM/bin/../lib/gcc/arm-none-eabi/11.2.1/../../../../arm-none-eabi/lib/thumb/v7-m/nofp/libc.a(lib_a-init.o)
 .comment       0x0000000000000057       0x58 /Applications/ARM/bin/../lib/gcc/arm-none-eabi/11.2.1/../../../../arm-none-eabi/lib/thumb/v7-m/nofp/libc.a(lib_a-memset.o)
 .comment       0x0000000000000057       0x58 /Applications/ARM/bin/../lib/gcc/arm-none-eabi/11.2.1/thumb/v7-m/nofp/crtend.o

.debug_info     0x0000000000000000     0xbf57
 .debug_info    0x0000000000000000     0x1698 CMakeFiles/new_temp2.elf.dir/Core/LCD/lcd.c.obj
 .debug_info    0x0000000000001698      0xb7e CMakeFiles/new_temp2.elf.dir/Core/LCD/lcd_init.c.obj
 .debug_info    0x0000000000002216      0x190 CMakeFiles/new_temp2.elf.dir/Core/SYSTEM/delay/delay.c.obj
 .debug_info    0x00000000000023a6     0x1095 CMakeFiles/new_temp2.elf.dir/Core/Src/main.c.obj
 .debug_info    0x000000000000343b      0xc62 CMakeFiles/new_temp2.elf.dir/Core/Src/stm32f1xx_hal_msp.c.obj
 .debug_info    0x000000000000409d      0x11d CMakeFiles/new_temp2.elf.dir/Core/Src/stm32f1xx_it.c.obj
 .debug_info    0x00000000000041ba      0x22d CMakeFiles/new_temp2.elf.dir/Core/Src/system_stm32f1xx.c.obj
 .debug_info    0x00000000000043e7       0x23 CMakeFiles/new_temp2.elf.dir/Core/Startup/startup_stm32f103c8tx.s.obj
 .debug_info    0x000000000000440a      0x7a2 CMakeFiles/new_temp2.elf.dir/Drivers/STM32F1xx_HAL_Driver/Src/stm32f1xx_hal.c.obj
 .debug_info    0x0000000000004bac      0xcc5 CMakeFiles/new_temp2.elf.dir/Drivers/STM32F1xx_HAL_Driver/Src/stm32f1xx_hal_cortex.c.obj
 .debug_info    0x0000000000005871      0x604 CMakeFiles/new_temp2.elf.dir/Drivers/STM32F1xx_HAL_Driver/Src/stm32f1xx_hal_gpio.c.obj
 .debug_info    0x0000000000005e75     0x386f CMakeFiles/new_temp2.elf.dir/Drivers/STM32F1xx_HAL_Driver/Src/stm32f1xx_hal_i2c.c.obj
 .debug_info    0x00000000000096e4      0x9e0 CMakeFiles/new_temp2.elf.dir/Drivers/STM32F1xx_HAL_Driver/Src/stm32f1xx_hal_rcc.c.obj
 .debug_info    0x000000000000a0c4     0x1c53 CMakeFiles/new_temp2.elf.dir/Drivers/STM32F1xx_HAL_Driver/Src/stm32f1xx_hal_spi.c.obj
 .debug_info    0x000000000000bd17      0x10b /Applications/ARM/bin/../lib/gcc/arm-none-eabi/11.2.1/../../../../arm-none-eabi/lib/thumb/v7-m/nofp/libc.a(lib_a-init.o)
 .debug_info    0x000000000000be22      0x135 /Applications/ARM/bin/../lib/gcc/arm-none-eabi/11.2.1/../../../../arm-none-eabi/lib/thumb/v7-m/nofp/libc.a(lib_a-memset.o)

.debug_abbrev   0x0000000000000000     0x1c1e
 .debug_abbrev  0x0000000000000000      0x281 CMakeFiles/new_temp2.elf.dir/Core/LCD/lcd.c.obj
 .debug_abbrev  0x0000000000000281      0x18f CMakeFiles/new_temp2.elf.dir/Core/LCD/lcd_init.c.obj
 .debug_abbrev  0x0000000000000410      0x111 CMakeFiles/new_temp2.elf.dir/Core/SYSTEM/delay/delay.c.obj
 .debug_abbrev  0x0000000000000521      0x291 CMakeFiles/new_temp2.elf.dir/Core/Src/main.c.obj
 .debug_abbrev  0x00000000000007b2      0x1d7 CMakeFiles/new_temp2.elf.dir/Core/Src/stm32f1xx_hal_msp.c.obj
 .debug_abbrev  0x0000000000000989       0x7c CMakeFiles/new_temp2.elf.dir/Core/Src/stm32f1xx_it.c.obj
 .debug_abbrev  0x0000000000000a05      0x143 CMakeFiles/new_temp2.elf.dir/Core/Src/system_stm32f1xx.c.obj
 .debug_abbrev  0x0000000000000b48       0x12 CMakeFiles/new_temp2.elf.dir/Core/Startup/startup_stm32f103c8tx.s.obj
 .debug_abbrev  0x0000000000000b5a      0x22d CMakeFiles/new_temp2.elf.dir/Drivers/STM32F1xx_HAL_Driver/Src/stm32f1xx_hal.c.obj
 .debug_abbrev  0x0000000000000d87      0x348 CMakeFiles/new_temp2.elf.dir/Drivers/STM32F1xx_HAL_Driver/Src/stm32f1xx_hal_cortex.c.obj
 .debug_abbrev  0x00000000000010cf      0x1f7 CMakeFiles/new_temp2.elf.dir/Drivers/STM32F1xx_HAL_Driver/Src/stm32f1xx_hal_gpio.c.obj
 .debug_abbrev  0x00000000000012c6      0x2be CMakeFiles/new_temp2.elf.dir/Drivers/STM32F1xx_HAL_Driver/Src/stm32f1xx_hal_i2c.c.obj
 .debug_abbrev  0x0000000000001584      0x29e CMakeFiles/new_temp2.elf.dir/Drivers/STM32F1xx_HAL_Driver/Src/stm32f1xx_hal_rcc.c.obj
 .debug_abbrev  0x0000000000001822      0x27c CMakeFiles/new_temp2.elf.dir/Drivers/STM32F1xx_HAL_Driver/Src/stm32f1xx_hal_spi.c.obj
 .debug_abbrev  0x0000000000001a9e       0xc9 /Applications/ARM/bin/../lib/gcc/arm-none-eabi/11.2.1/../../../../arm-none-eabi/lib/thumb/v7-m/nofp/libc.a(lib_a-init.o)
 .debug_abbrev  0x0000000000001b67       0xb7 /Applications/ARM/bin/../lib/gcc/arm-none-eabi/11.2.1/../../../../arm-none-eabi/lib/thumb/v7-m/nofp/libc.a(lib_a-memset.o)

.debug_loclists
                0x0000000000000000     0x5f70
 .debug_loclists
                0x0000000000000000      0xf77 CMakeFiles/new_temp2.elf.dir/Core/LCD/lcd.c.obj
 .debug_loclists
                0x0000000000000f77       0xdf CMakeFiles/new_temp2.elf.dir/Core/LCD/lcd_init.c.obj
 .debug_loclists
                0x0000000000001056       0x50 CMakeFiles/new_temp2.elf.dir/Core/SYSTEM/delay/delay.c.obj
 .debug_loclists
                0x00000000000010a6       0xdc CMakeFiles/new_temp2.elf.dir/Core/Src/stm32f1xx_hal_msp.c.obj
 .debug_loclists
                0x0000000000001182       0xa5 CMakeFiles/new_temp2.elf.dir/Core/Src/system_stm32f1xx.c.obj
 .debug_loclists
                0x0000000000001227       0xc9 CMakeFiles/new_temp2.elf.dir/Drivers/STM32F1xx_HAL_Driver/Src/stm32f1xx_hal.c.obj
 .debug_loclists
                0x00000000000012f0      0x4c4 CMakeFiles/new_temp2.elf.dir/Drivers/STM32F1xx_HAL_Driver/Src/stm32f1xx_hal_cortex.c.obj
 .debug_loclists
                0x00000000000017b4      0x2ea CMakeFiles/new_temp2.elf.dir/Drivers/STM32F1xx_HAL_Driver/Src/stm32f1xx_hal_gpio.c.obj
 .debug_loclists
                0x0000000000001a9e     0x2b5d CMakeFiles/new_temp2.elf.dir/Drivers/STM32F1xx_HAL_Driver/Src/stm32f1xx_hal_i2c.c.obj
 .debug_loclists
                0x00000000000045fb      0x40c CMakeFiles/new_temp2.elf.dir/Drivers/STM32F1xx_HAL_Driver/Src/stm32f1xx_hal_rcc.c.obj
 .debug_loclists
                0x0000000000004a07     0x134a CMakeFiles/new_temp2.elf.dir/Drivers/STM32F1xx_HAL_Driver/Src/stm32f1xx_hal_spi.c.obj
 .debug_loclists
                0x0000000000005d51       0x7a /Applications/ARM/bin/../lib/gcc/arm-none-eabi/11.2.1/../../../../arm-none-eabi/lib/thumb/v7-m/nofp/libc.a(lib_a-init.o)
 .debug_loclists
                0x0000000000005dcb      0x1a5 /Applications/ARM/bin/../lib/gcc/arm-none-eabi/11.2.1/../../../../arm-none-eabi/lib/thumb/v7-m/nofp/libc.a(lib_a-memset.o)

.debug_aranges  0x0000000000000000      0x960
 .debug_aranges
                0x0000000000000000       0x98 CMakeFiles/new_temp2.elf.dir/Core/LCD/lcd.c.obj
 .debug_aranges
                0x0000000000000098       0x50 CMakeFiles/new_temp2.elf.dir/Core/LCD/lcd_init.c.obj
 .debug_aranges
                0x00000000000000e8       0x30 CMakeFiles/new_temp2.elf.dir/Core/SYSTEM/delay/delay.c.obj
 .debug_aranges
                0x0000000000000118       0x50 CMakeFiles/new_temp2.elf.dir/Core/Src/main.c.obj
 .debug_aranges
                0x0000000000000168       0x40 CMakeFiles/new_temp2.elf.dir/Core/Src/stm32f1xx_hal_msp.c.obj
 .debug_aranges
                0x00000000000001a8       0x60 CMakeFiles/new_temp2.elf.dir/Core/Src/stm32f1xx_it.c.obj
 .debug_aranges
                0x0000000000000208       0x28 CMakeFiles/new_temp2.elf.dir/Core/Src/system_stm32f1xx.c.obj
 .debug_aranges
                0x0000000000000230       0x28 CMakeFiles/new_temp2.elf.dir/Core/Startup/startup_stm32f103c8tx.s.obj
 .debug_aranges
                0x0000000000000258       0xe0 CMakeFiles/new_temp2.elf.dir/Drivers/STM32F1xx_HAL_Driver/Src/stm32f1xx_hal.c.obj
 .debug_aranges
                0x0000000000000338       0x90 CMakeFiles/new_temp2.elf.dir/Drivers/STM32F1xx_HAL_Driver/Src/stm32f1xx_hal_cortex.c.obj
 .debug_aranges
                0x00000000000003c8       0x58 CMakeFiles/new_temp2.elf.dir/Drivers/STM32F1xx_HAL_Driver/Src/stm32f1xx_hal_gpio.c.obj
 .debug_aranges
                0x0000000000000420      0x2a0 CMakeFiles/new_temp2.elf.dir/Drivers/STM32F1xx_HAL_Driver/Src/stm32f1xx_hal_i2c.c.obj
 .debug_aranges
                0x00000000000006c0       0x90 CMakeFiles/new_temp2.elf.dir/Drivers/STM32F1xx_HAL_Driver/Src/stm32f1xx_hal_rcc.c.obj
 .debug_aranges
                0x0000000000000750      0x1d0 CMakeFiles/new_temp2.elf.dir/Drivers/STM32F1xx_HAL_Driver/Src/stm32f1xx_hal_spi.c.obj
 .debug_aranges
                0x0000000000000920       0x20 /Applications/ARM/bin/../lib/gcc/arm-none-eabi/11.2.1/../../../../arm-none-eabi/lib/thumb/v7-m/nofp/libc.a(lib_a-init.o)
 .debug_aranges
                0x0000000000000940       0x20 /Applications/ARM/bin/../lib/gcc/arm-none-eabi/11.2.1/../../../../arm-none-eabi/lib/thumb/v7-m/nofp/libc.a(lib_a-memset.o)

.debug_rnglists
                0x0000000000000000      0x75d
 .debug_rnglists
                0x0000000000000000       0x77 CMakeFiles/new_temp2.elf.dir/Core/LCD/lcd.c.obj
 .debug_rnglists
                0x0000000000000077       0x38 CMakeFiles/new_temp2.elf.dir/Core/LCD/lcd_init.c.obj
 .debug_rnglists
                0x00000000000000af       0x1f CMakeFiles/new_temp2.elf.dir/Core/SYSTEM/delay/delay.c.obj
 .debug_rnglists
                0x00000000000000ce       0x39 CMakeFiles/new_temp2.elf.dir/Core/Src/main.c.obj
 .debug_rnglists
                0x0000000000000107       0x2c CMakeFiles/new_temp2.elf.dir/Core/Src/stm32f1xx_hal_msp.c.obj
 .debug_rnglists
                0x0000000000000133       0x43 CMakeFiles/new_temp2.elf.dir/Core/Src/stm32f1xx_it.c.obj
 .debug_rnglists
                0x0000000000000176       0x1a CMakeFiles/new_temp2.elf.dir/Core/Src/system_stm32f1xx.c.obj
 .debug_rnglists
                0x0000000000000190       0x19 CMakeFiles/new_temp2.elf.dir/Core/Startup/startup_stm32f103c8tx.s.obj
 .debug_rnglists
                0x00000000000001a9       0xa3 CMakeFiles/new_temp2.elf.dir/Drivers/STM32F1xx_HAL_Driver/Src/stm32f1xx_hal.c.obj
 .debug_rnglists
                0x000000000000024c       0x97 CMakeFiles/new_temp2.elf.dir/Drivers/STM32F1xx_HAL_Driver/Src/stm32f1xx_hal_cortex.c.obj
 .debug_rnglists
                0x00000000000002e3       0x3f CMakeFiles/new_temp2.elf.dir/Drivers/STM32F1xx_HAL_Driver/Src/stm32f1xx_hal_gpio.c.obj
 .debug_rnglists
                0x0000000000000322      0x22f CMakeFiles/new_temp2.elf.dir/Drivers/STM32F1xx_HAL_Driver/Src/stm32f1xx_hal_i2c.c.obj
 .debug_rnglists
                0x0000000000000551       0x7d CMakeFiles/new_temp2.elf.dir/Drivers/STM32F1xx_HAL_Driver/Src/stm32f1xx_hal_rcc.c.obj
 .debug_rnglists
                0x00000000000005ce      0x168 CMakeFiles/new_temp2.elf.dir/Drivers/STM32F1xx_HAL_Driver/Src/stm32f1xx_hal_spi.c.obj
 .debug_rnglists
                0x0000000000000736       0x13 /Applications/ARM/bin/../lib/gcc/arm-none-eabi/11.2.1/../../../../arm-none-eabi/lib/thumb/v7-m/nofp/libc.a(lib_a-init.o)
 .debug_rnglists
                0x0000000000000749       0x14 /Applications/ARM/bin/../lib/gcc/arm-none-eabi/11.2.1/../../../../arm-none-eabi/lib/thumb/v7-m/nofp/libc.a(lib_a-memset.o)

.debug_line     0x0000000000000000     0xbae3
 .debug_line    0x0000000000000000      0xb2a CMakeFiles/new_temp2.elf.dir/Core/LCD/lcd.c.obj
 .debug_line    0x0000000000000b2a      0x38a CMakeFiles/new_temp2.elf.dir/Core/LCD/lcd_init.c.obj
 .debug_line    0x0000000000000eb4      0x28e CMakeFiles/new_temp2.elf.dir/Core/SYSTEM/delay/delay.c.obj
 .debug_line    0x0000000000001142      0x63b CMakeFiles/new_temp2.elf.dir/Core/Src/main.c.obj
 .debug_line    0x000000000000177d      0x39f CMakeFiles/new_temp2.elf.dir/Core/Src/stm32f1xx_hal_msp.c.obj
 .debug_line    0x0000000000001b1c      0x1cb CMakeFiles/new_temp2.elf.dir/Core/Src/stm32f1xx_it.c.obj
 .debug_line    0x0000000000001ce7      0x23c CMakeFiles/new_temp2.elf.dir/Core/Src/system_stm32f1xx.c.obj
 .debug_line    0x0000000000001f23       0x79 CMakeFiles/new_temp2.elf.dir/Core/Startup/startup_stm32f103c8tx.s.obj
 .debug_line    0x0000000000001f9c      0x578 CMakeFiles/new_temp2.elf.dir/Drivers/STM32F1xx_HAL_Driver/Src/stm32f1xx_hal.c.obj
 .debug_line    0x0000000000002514      0x658 CMakeFiles/new_temp2.elf.dir/Drivers/STM32F1xx_HAL_Driver/Src/stm32f1xx_hal_cortex.c.obj
 .debug_line    0x0000000000002b6c      0x5fb CMakeFiles/new_temp2.elf.dir/Drivers/STM32F1xx_HAL_Driver/Src/stm32f1xx_hal_gpio.c.obj
 .debug_line    0x0000000000003167     0x54dc CMakeFiles/new_temp2.elf.dir/Drivers/STM32F1xx_HAL_Driver/Src/stm32f1xx_hal_i2c.c.obj
 .debug_line    0x0000000000008643      0xc44 CMakeFiles/new_temp2.elf.dir/Drivers/STM32F1xx_HAL_Driver/Src/stm32f1xx_hal_rcc.c.obj
 .debug_line    0x0000000000009287     0x2480 CMakeFiles/new_temp2.elf.dir/Drivers/STM32F1xx_HAL_Driver/Src/stm32f1xx_hal_spi.c.obj
 .debug_line    0x000000000000b707      0x18e /Applications/ARM/bin/../lib/gcc/arm-none-eabi/11.2.1/../../../../arm-none-eabi/lib/thumb/v7-m/nofp/libc.a(lib_a-init.o)
 .debug_line    0x000000000000b895      0x24e /Applications/ARM/bin/../lib/gcc/arm-none-eabi/11.2.1/../../../../arm-none-eabi/lib/thumb/v7-m/nofp/libc.a(lib_a-memset.o)

.debug_str      0x0000000000000000     0x2e61
 .debug_str     0x0000000000000000      0x3c9 CMakeFiles/new_temp2.elf.dir/Core/LCD/lcd.c.obj
                                        0x408 (size before relaxing)
 .debug_str     0x00000000000003c9      0x116 CMakeFiles/new_temp2.elf.dir/Core/LCD/lcd_init.c.obj
                                        0x2cd (size before relaxing)
 .debug_str     0x00000000000004df       0x93 CMakeFiles/new_temp2.elf.dir/Core/SYSTEM/delay/delay.c.obj
                                        0x226 (size before relaxing)
 .debug_str     0x0000000000000572      0x85d CMakeFiles/new_temp2.elf.dir/Core/Src/main.c.obj
                                        0xb44 (size before relaxing)
 .debug_str     0x0000000000000dcf       0xdf CMakeFiles/new_temp2.elf.dir/Core/Src/stm32f1xx_hal_msp.c.obj
                                        0x93f (size before relaxing)
 .debug_str     0x0000000000000eae       0xde CMakeFiles/new_temp2.elf.dir/Core/Src/stm32f1xx_it.c.obj
                                        0x24f (size before relaxing)
 .debug_str     0x0000000000000f8c       0x95 CMakeFiles/new_temp2.elf.dir/Core/Src/system_stm32f1xx.c.obj
                                        0x281 (size before relaxing)
 .debug_str     0x0000000000001021       0x24 CMakeFiles/new_temp2.elf.dir/Core/Startup/startup_stm32f103c8tx.s.obj
                                         0x4e (size before relaxing)
 .debug_str     0x0000000000001045      0x5f0 CMakeFiles/new_temp2.elf.dir/Drivers/STM32F1xx_HAL_Driver/Src/stm32f1xx_hal.c.obj
                                        0x85b (size before relaxing)
 .debug_str     0x0000000000001635      0x3e2 CMakeFiles/new_temp2.elf.dir/Drivers/STM32F1xx_HAL_Driver/Src/stm32f1xx_hal_cortex.c.obj
                                        0x900 (size before relaxing)
 .debug_str     0x0000000000001a17      0x12e CMakeFiles/new_temp2.elf.dir/Drivers/STM32F1xx_HAL_Driver/Src/stm32f1xx_hal_gpio.c.obj
                                        0x42d (size before relaxing)
 .debug_str     0x0000000000001b45      0x916 CMakeFiles/new_temp2.elf.dir/Drivers/STM32F1xx_HAL_Driver/Src/stm32f1xx_hal_i2c.c.obj
                                        0xfe5 (size before relaxing)
 .debug_str     0x000000000000245b      0x1fb CMakeFiles/new_temp2.elf.dir/Drivers/STM32F1xx_HAL_Driver/Src/stm32f1xx_hal_rcc.c.obj
                                        0x658 (size before relaxing)
 .debug_str     0x0000000000002656      0x53d CMakeFiles/new_temp2.elf.dir/Drivers/STM32F1xx_HAL_Driver/Src/stm32f1xx_hal_spi.c.obj
                                        0xb94 (size before relaxing)
 .debug_str     0x0000000000002b93      0x1d2 /Applications/ARM/bin/../lib/gcc/arm-none-eabi/11.2.1/../../../../arm-none-eabi/lib/thumb/v7-m/nofp/libc.a(lib_a-init.o)
                                        0x273 (size before relaxing)
 .debug_str     0x0000000000002d65       0xfc /Applications/ARM/bin/../lib/gcc/arm-none-eabi/11.2.1/../../../../arm-none-eabi/lib/thumb/v7-m/nofp/libc.a(lib_a-memset.o)
                                        0x228 (size before relaxing)

.debug_frame    0x0000000000000000     0x1a9c
 .debug_frame   0x0000000000000000      0x28c CMakeFiles/new_temp2.elf.dir/Core/LCD/lcd.c.obj
 .debug_frame   0x000000000000028c       0xd4 CMakeFiles/new_temp2.elf.dir/Core/LCD/lcd_init.c.obj
 .debug_frame   0x0000000000000360       0x40 CMakeFiles/new_temp2.elf.dir/Core/SYSTEM/delay/delay.c.obj
 .debug_frame   0x00000000000003a0       0xc8 CMakeFiles/new_temp2.elf.dir/Core/Src/main.c.obj
 .debug_frame   0x0000000000000468       0x98 CMakeFiles/new_temp2.elf.dir/Core/Src/stm32f1xx_hal_msp.c.obj
 .debug_frame   0x0000000000000500       0xa8 CMakeFiles/new_temp2.elf.dir/Core/Src/stm32f1xx_it.c.obj
 .debug_frame   0x00000000000005a8       0x30 CMakeFiles/new_temp2.elf.dir/Core/Src/system_stm32f1xx.c.obj
 .debug_frame   0x00000000000005d8      0x1cc CMakeFiles/new_temp2.elf.dir/Drivers/STM32F1xx_HAL_Driver/Src/stm32f1xx_hal.c.obj
 .debug_frame   0x00000000000007a4      0x118 CMakeFiles/new_temp2.elf.dir/Drivers/STM32F1xx_HAL_Driver/Src/stm32f1xx_hal_cortex.c.obj
 .debug_frame   0x00000000000008bc       0xe4 CMakeFiles/new_temp2.elf.dir/Drivers/STM32F1xx_HAL_Driver/Src/stm32f1xx_hal_gpio.c.obj
 .debug_frame   0x00000000000009a0      0x970 CMakeFiles/new_temp2.elf.dir/Drivers/STM32F1xx_HAL_Driver/Src/stm32f1xx_hal_i2c.c.obj
 .debug_frame   0x0000000000001310      0x190 CMakeFiles/new_temp2.elf.dir/Drivers/STM32F1xx_HAL_Driver/Src/stm32f1xx_hal_rcc.c.obj
 .debug_frame   0x00000000000014a0      0x5a4 CMakeFiles/new_temp2.elf.dir/Drivers/STM32F1xx_HAL_Driver/Src/stm32f1xx_hal_spi.c.obj
 .debug_frame   0x0000000000001a44       0x2c /Applications/ARM/bin/../lib/gcc/arm-none-eabi/11.2.1/../../../../arm-none-eabi/lib/thumb/v7-m/nofp/libc.a(lib_a-init.o)
 .debug_frame   0x0000000000001a70       0x2c /Applications/ARM/bin/../lib/gcc/arm-none-eabi/11.2.1/../../../../arm-none-eabi/lib/thumb/v7-m/nofp/libc.a(lib_a-memset.o)

.debug_line_str
                0x0000000000000000       0x4f
 .debug_line_str
                0x0000000000000000       0x4f CMakeFiles/new_temp2.elf.dir/Core/Startup/startup_stm32f103c8tx.s.obj
                                         0x9e (size before relaxing)
