Archive member included to satisfy reference by file (symbol)

c:/progra~2/armgnu~1/112202~1.02/bin/../lib/gcc/arm-none-eabi/11.2.1/thumb/v6-m/nofp\libgcc.a(_udivsi3.o)
                              CMakeFiles/new_temp.elf.dir/Core/HARDWARE/LCD/lcd.c.obj (__aeabi_uidiv)
c:/progra~2/armgnu~1/112202~1.02/bin/../lib/gcc/arm-none-eabi/11.2.1/thumb/v6-m/nofp\libgcc.a(_dvmd_tls.o)
                              c:/progra~2/armgnu~1/112202~1.02/bin/../lib/gcc/arm-none-eabi/11.2.1/thumb/v6-m/nofp\libgcc.a(_udivsi3.o) (__aeabi_idiv0)
c:/progra~2/armgnu~1/112202~1.02/bin/../lib/gcc/arm-none-eabi/11.2.1/thumb/v6-m/nofp\libgcc.a(_fixunssfsi.o)
                              CMakeFiles/new_temp.elf.dir/Core/HARDWARE/LCD/lcd.c.obj (__aeabi_f2uiz)
c:/progra~2/armgnu~1/112202~1.02/bin/../lib/gcc/arm-none-eabi/11.2.1/thumb/v6-m/nofp\libgcc.a(mulsf3.o)
                              CMakeFiles/new_temp.elf.dir/Core/HARDWARE/LCD/lcd.c.obj (__aeabi_fmul)
c:/progra~2/armgnu~1/112202~1.02/bin/../lib/gcc/arm-none-eabi/11.2.1/thumb/v6-m/nofp\libgcc.a(subsf3.o)
                              c:/progra~2/armgnu~1/112202~1.02/bin/../lib/gcc/arm-none-eabi/11.2.1/thumb/v6-m/nofp\libgcc.a(_fixunssfsi.o) (__aeabi_fsub)
c:/progra~2/armgnu~1/112202~1.02/bin/../lib/gcc/arm-none-eabi/11.2.1/thumb/v6-m/nofp\libgcc.a(fixsfsi.o)
                              c:/progra~2/armgnu~1/112202~1.02/bin/../lib/gcc/arm-none-eabi/11.2.1/thumb/v6-m/nofp\libgcc.a(_fixunssfsi.o) (__aeabi_f2iz)
c:/progra~2/armgnu~1/112202~1.02/bin/../lib/gcc/arm-none-eabi/11.2.1/thumb/v6-m/nofp\libgcc.a(adddf3.o)
                              CMakeFiles/new_temp.elf.dir/Core/Src/main.c.obj (__aeabi_dadd)
c:/progra~2/armgnu~1/112202~1.02/bin/../lib/gcc/arm-none-eabi/11.2.1/thumb/v6-m/nofp\libgcc.a(extendsfdf2.o)
                              CMakeFiles/new_temp.elf.dir/Core/Src/main.c.obj (__aeabi_f2d)
c:/progra~2/armgnu~1/112202~1.02/bin/../lib/gcc/arm-none-eabi/11.2.1/thumb/v6-m/nofp\libgcc.a(truncdfsf2.o)
                              CMakeFiles/new_temp.elf.dir/Core/Src/main.c.obj (__aeabi_d2f)
c:/progra~2/armgnu~1/112202~1.02/bin/../lib/gcc/arm-none-eabi/11.2.1/thumb/v6-m/nofp\libgcc.a(_arm_cmpsf2.o)
                              c:/progra~2/armgnu~1/112202~1.02/bin/../lib/gcc/arm-none-eabi/11.2.1/thumb/v6-m/nofp\libgcc.a(_fixunssfsi.o) (__aeabi_fcmpge)
c:/progra~2/armgnu~1/112202~1.02/bin/../lib/gcc/arm-none-eabi/11.2.1/thumb/v6-m/nofp\libgcc.a(_clzsi2.o)
                              c:/progra~2/armgnu~1/112202~1.02/bin/../lib/gcc/arm-none-eabi/11.2.1/thumb/v6-m/nofp\libgcc.a(mulsf3.o) (__clzsi2)
c:/progra~2/armgnu~1/112202~1.02/bin/../lib/gcc/arm-none-eabi/11.2.1/thumb/v6-m/nofp\libgcc.a(eqsf2.o)
                              c:/progra~2/armgnu~1/112202~1.02/bin/../lib/gcc/arm-none-eabi/11.2.1/thumb/v6-m/nofp\libgcc.a(_arm_cmpsf2.o) (__eqsf2)
c:/progra~2/armgnu~1/112202~1.02/bin/../lib/gcc/arm-none-eabi/11.2.1/thumb/v6-m/nofp\libgcc.a(gesf2.o)
                              c:/progra~2/armgnu~1/112202~1.02/bin/../lib/gcc/arm-none-eabi/11.2.1/thumb/v6-m/nofp\libgcc.a(_arm_cmpsf2.o) (__gesf2)
c:/progra~2/armgnu~1/112202~1.02/bin/../lib/gcc/arm-none-eabi/11.2.1/thumb/v6-m/nofp\libgcc.a(lesf2.o)
                              c:/progra~2/armgnu~1/112202~1.02/bin/../lib/gcc/arm-none-eabi/11.2.1/thumb/v6-m/nofp\libgcc.a(_arm_cmpsf2.o) (__lesf2)
c:/progra~2/armgnu~1/112202~1.02/bin/../lib/gcc/arm-none-eabi/11.2.1/thumb/v6-m/nofp\libg.a(lib_a-errno.o)
                              CMakeFiles/new_temp.elf.dir/Core/Src/syscalls.c.obj (__errno)
c:/progra~2/armgnu~1/112202~1.02/bin/../lib/gcc/arm-none-eabi/11.2.1/thumb/v6-m/nofp\libg.a(lib_a-exit.o)
                              c:/progra~2/armgnu~1/112202~1.02/bin/../lib/gcc/arm-none-eabi/11.2.1/thumb/v6-m/nofp/crt0.o (exit)
c:/progra~2/armgnu~1/112202~1.02/bin/../lib/gcc/arm-none-eabi/11.2.1/thumb/v6-m/nofp\libg.a(lib_a-impure.o)
                              c:/progra~2/armgnu~1/112202~1.02/bin/../lib/gcc/arm-none-eabi/11.2.1/thumb/v6-m/nofp\libg.a(lib_a-exit.o) (_global_impure_ptr)
c:/progra~2/armgnu~1/112202~1.02/bin/../lib/gcc/arm-none-eabi/11.2.1/thumb/v6-m/nofp\libg.a(lib_a-init.o)
                              c:/progra~2/armgnu~1/112202~1.02/bin/../lib/gcc/arm-none-eabi/11.2.1/thumb/v6-m/nofp/crt0.o (__libc_init_array)
c:/progra~2/armgnu~1/112202~1.02/bin/../lib/gcc/arm-none-eabi/11.2.1/thumb/v6-m/nofp\libg.a(lib_a-memset.o)
                              c:/progra~2/armgnu~1/112202~1.02/bin/../lib/gcc/arm-none-eabi/11.2.1/thumb/v6-m/nofp/crt0.o (memset)
c:/progra~2/armgnu~1/112202~1.02/bin/../lib/gcc/arm-none-eabi/11.2.1/thumb/v6-m/nofp\libg.a(lib_a-__call_atexit.o)
                              c:/progra~2/armgnu~1/112202~1.02/bin/../lib/gcc/arm-none-eabi/11.2.1/thumb/v6-m/nofp\libg.a(lib_a-exit.o) (__call_exitprocs)

Discarded input sections

 .text          0x00000000        0x0 c:/progra~2/armgnu~1/112202~1.02/bin/../lib/gcc/arm-none-eabi/11.2.1/thumb/v6-m/nofp/crti.o
[...]
Memory Configuration

Name             Origin             Length             Attributes
RAM              0x20000000         0x00002000         xrw
FLASH            0x08000000         0x00010000         xr
*default*        0x00000000         0xffffffff

Linker script and memory map

LOAD c:/progra~2/armgnu~1/112202~1.02/bin/../lib/gcc/arm-none-eabi/11.2.1/thumb/v6-m/nofp/crti.o
LOAD c:/progra~2/armgnu~1/112202~1.02/bin/../lib/gcc/arm-none-eabi/11.2.1/thumb/v6-m/nofp/crtbegin.o
LOAD c:/progra~2/armgnu~1/112202~1.02/bin/../lib/gcc/arm-none-eabi/11.2.1/thumb/v6-m/nofp/crt0.o
LOAD CMakeFiles/new_temp.elf.dir/Core/HARDWARE/LCD/lcd.c.obj
LOAD CMakeFiles/new_temp.elf.dir/Core/HARDWARE/LCD/lcd_init.c.obj
LOAD CMakeFiles/new_temp.elf.dir/Core/HARDWARE/LED/led.c.obj
LOAD CMakeFiles/new_temp.elf.dir/Core/SYSTEM/delay/delay.c.obj
LOAD CMakeFiles/new_temp.elf.dir/Core/SYSTEM/sys/sys.c.obj
LOAD CMakeFiles/new_temp.elf.dir/Core/Src/main.c.obj
LOAD CMakeFiles/new_temp.elf.dir/Core/Src/stm32f0xx_hal_msp.c.obj
LOAD CMakeFiles/new_temp.elf.dir/Core/Src/stm32f0xx_it.c.obj
LOAD CMakeFiles/new_temp.elf.dir/Core/Src/syscalls.c.obj
LOAD CMakeFiles/new_temp.elf.dir/Core/Src/sysmem.c.obj
LOAD CMakeFiles/new_temp.elf.dir/Core/Src/system_stm32f0xx.c.obj
LOAD CMakeFiles/new_temp.elf.dir/Core/Startup/startup_stm32f030c8tx.s.obj
LOAD CMakeFiles/new_temp.elf.dir/Drivers/STM32F0xx_HAL_Driver/Src/stm32f0xx_hal.c.obj
LOAD CMakeFiles/new_temp.elf.dir/Drivers/STM32F0xx_HAL_Driver/Src/stm32f0xx_hal_cortex.c.obj
LOAD CMakeFiles/new_temp.elf.dir/Drivers/STM32F0xx_HAL_Driver/Src/stm32f0xx_hal_dma.c.obj
LOAD CMakeFiles/new_temp.elf.dir/Drivers/STM32F0xx_HAL_Driver/Src/stm32f0xx_hal_exti.c.obj
LOAD CMakeFiles/new_temp.elf.dir/Drivers/STM32F0xx_HAL_Driver/Src/stm32f0xx_hal_flash.c.obj
LOAD CMakeFiles/new_temp.elf.dir/Drivers/STM32F0xx_HAL_Driver/Src/stm32f0xx_hal_flash_ex.c.obj
LOAD CMakeFiles/new_temp.elf.dir/Drivers/STM32F0xx_HAL_Driver/Src/stm32f0xx_hal_gpio.c.obj
LOAD CMakeFiles/new_temp.elf.dir/Drivers/STM32F0xx_HAL_Driver/Src/stm32f0xx_hal_i2c.c.obj
LOAD CMakeFiles/new_temp.elf.dir/Drivers/STM32F0xx_HAL_Driver/Src/stm32f0xx_hal_i2c_ex.c.obj
LOAD CMakeFiles/new_temp.elf.dir/Drivers/STM32F0xx_HAL_Driver/Src/stm32f0xx_hal_pwr.c.obj
LOAD CMakeFiles/new_temp.elf.dir/Drivers/STM32F0xx_HAL_Driver/Src/stm32f0xx_hal_pwr_ex.c.obj
LOAD CMakeFiles/new_temp.elf.dir/Drivers/STM32F0xx_HAL_Driver/Src/stm32f0xx_hal_rcc.c.obj
LOAD CMakeFiles/new_temp.elf.dir/Drivers/STM32F0xx_HAL_Driver/Src/stm32f0xx_hal_rcc_ex.c.obj
LOAD CMakeFiles/new_temp.elf.dir/Drivers/STM32F0xx_HAL_Driver/Src/stm32f0xx_hal_spi.c.obj
LOAD CMakeFiles/new_temp.elf.dir/Drivers/STM32F0xx_HAL_Driver/Src/stm32f0xx_hal_spi_ex.c.obj
LOAD CMakeFiles/new_temp.elf.dir/Drivers/STM32F0xx_HAL_Driver/Src/stm32f0xx_hal_tim.c.obj
LOAD CMakeFiles/new_temp.elf.dir/Drivers/STM32F0xx_HAL_Driver/Src/stm32f0xx_hal_tim_ex.c.obj
START GROUP
LOAD c:/progra~2/armgnu~1/112202~1.02/bin/../lib/gcc/arm-none-eabi/11.2.1/thumb/v6-m/nofp\libgcc.a
LOAD c:/progra~2/armgnu~1/112202~1.02/bin/../lib/gcc/arm-none-eabi/11.2.1/thumb/v6-m/nofp\libg.a
LOAD c:/progra~2/armgnu~1/112202~1.02/bin/../lib/gcc/arm-none-eabi/11.2.1/thumb/v6-m/nofp\libc.a
END GROUP
LOAD c:/progra~2/armgnu~1/112202~1.02/bin/../lib/gcc/arm-none-eabi/11.2.1/thumb/v6-m/nofp/crtend.o
LOAD c:/progra~2/armgnu~1/112202~1.02/bin/../lib/gcc/arm-none-eabi/11.2.1/thumb/v6-m/nofp/crtn.o
                0x20002000                _estack = (ORIGIN (RAM) + LENGTH (RAM))
                0x00000200                _Min_Heap_Size = 0x200
                0x00000400                _Min_Stack_Size = 0x400

.isr_vector     0x08000000       0xc0
                0x08000000                . = ALIGN (0x4)
 *(.isr_vector)
 .isr_vector    0x08000000       0xc0 CMakeFiles/new_temp.elf.dir/Core/Startup/startup_stm32f030c8tx.s.obj
                0x08000000                g_pfnVectors
                0x080000c0                . = ALIGN (0x4)

.text           0x080000c0     0x2cfc
                0x080000c0                . = ALIGN (0x4)
 *(.text)
 .text          0x080000c0      0x114 c:/progra~2/armgnu~1/112202~1.02/bin/../lib/gcc/arm-none-eabi/11.2.1/thumb/v6-m/nofp\libgcc.a(_udivsi3.o)
                0x080000c0                __aeabi_uidiv
                0x080000c0                __udivsi3
                0x080001cc                __aeabi_uidivmod
 .text          0x080001d4        0x4 c:/progra~2/armgnu~1/112202~1.02/bin/../lib/gcc/arm-none-eabi/11.2.1/thumb/v6-m/nofp\libgcc.a(_dvmd_tls.o)
                0x080001d4                __aeabi_idiv0
                0x080001d4                __aeabi_ldiv0
 .text          0x080001d8       0x74 c:/progra~2/armgnu~1/112202~1.02/bin/../lib/gcc/arm-none-eabi/11.2.1/thumb/v6-m/nofp\libgcc.a(_arm_cmpsf2.o)
                0x080001d8                __aeabi_cfrcmple
                0x080001e0                __aeabi_cfcmpeq
                0x080001e0                __aeabi_cfcmple
                0x080001f0                __aeabi_fcmpeq
                0x080001fc                __aeabi_fcmplt
                0x08000210                __aeabi_fcmple
                0x08000224                __aeabi_fcmpgt
                0x08000238                __aeabi_fcmpge
 .text          0x0800024c       0x3c c:/progra~2/armgnu~1/112202~1.02/bin/../lib/gcc/arm-none-eabi/11.2.1/thumb/v6-m/nofp\libgcc.a(_clzsi2.o)
                0x0800024c                __clzsi2
 *(.text*)
 .text.deregister_tm_clones
                0x08000288       0x20 c:/progra~2/armgnu~1/112202~1.02/bin/../lib/gcc/arm-none-eabi/11.2.1/thumb/v6-m/nofp/crtbegin.o
 .text.register_tm_clones
                0x080002a8       0x28 c:/progra~2/armgnu~1/112202~1.02/bin/../lib/gcc/arm-none-eabi/11.2.1/thumb/v6-m/nofp/crtbegin.o
 .text.__do_global_dtors_aux
                0x080002d0       0x2c c:/progra~2/armgnu~1/112202~1.02/bin/../lib/gcc/arm-none-eabi/11.2.1/thumb/v6-m/nofp/crtbegin.o
 .text.frame_dummy
                0x080002fc       0x24 c:/progra~2/armgnu~1/112202~1.02/bin/../lib/gcc/arm-none-eabi/11.2.1/thumb/v6-m/nofp/crtbegin.o
 .text.LCD_Fill
                0x08000320       0x3a CMakeFiles/new_temp.elf.dir/Core/HARDWARE/LCD/lcd.c.obj
                0x08000320                LCD_Fill
 .text.LCD_DrawPoint
                0x0800035a       0x14 CMakeFiles/new_temp.elf.dir/Core/HARDWARE/LCD/lcd.c.obj
                0x0800035a                LCD_DrawPoint
 *fill*         0x0800036e        0x2 
 .text.LCD_ShowChinese12x12
                0x08000370      0x134 CMakeFiles/new_temp.elf.dir/Core/HARDWARE/LCD/lcd.c.obj
                0x08000370                LCD_ShowChinese12x12
 .text.LCD_ShowChinese16x16
                0x080004a4      0x144 CMakeFiles/new_temp.elf.dir/Core/HARDWARE/LCD/lcd.c.obj
                0x080004a4                LCD_ShowChinese16x16
 .text.LCD_ShowChinese24x24
                0x080005e8      0x134 CMakeFiles/new_temp.elf.dir/Core/HARDWARE/LCD/lcd.c.obj
                0x080005e8                LCD_ShowChinese24x24
 .text.LCD_ShowChinese32x32
                0x0800071c      0x144 CMakeFiles/new_temp.elf.dir/Core/HARDWARE/LCD/lcd.c.obj
                0x0800071c                LCD_ShowChinese32x32
 .text.LCD_ShowChinese
                0x08000860       0xa8 CMakeFiles/new_temp.elf.dir/Core/HARDWARE/LCD/lcd.c.obj
                0x08000860                LCD_ShowChinese
 .text.LCD_ShowChar
                0x08000908      0x154 CMakeFiles/new_temp.elf.dir/Core/HARDWARE/LCD/lcd.c.obj
                0x08000908                LCD_ShowChar
 .text.LCD_ShowString
                0x08000a5c       0x50 CMakeFiles/new_temp.elf.dir/Core/HARDWARE/LCD/lcd.c.obj
                0x08000a5c                LCD_ShowString
 .text.mypow    0x08000aac       0x14 CMakeFiles/new_temp.elf.dir/Core/HARDWARE/LCD/lcd.c.obj
                0x08000aac                mypow
 .text.LCD_ShowIntNum
                0x08000ac0       0xaa CMakeFiles/new_temp.elf.dir/Core/HARDWARE/LCD/lcd.c.obj
                0x08000ac0                LCD_ShowIntNum
 *fill*         0x08000b6a        0x2 
 .text.LCD_ShowFloatNum1
                0x08000b6c       0xb8 CMakeFiles/new_temp.elf.dir/Core/HARDWARE/LCD/lcd.c.obj
                0x08000b6c                LCD_ShowFloatNum1
 .text.LCD_Writ_Bus
                0x08000c24       0x66 CMakeFiles/new_temp.elf.dir/Core/HARDWARE/LCD/lcd_init.c.obj
                0x08000c24                LCD_Writ_Bus
 .text.LCD_WR_DATA8
                0x08000c8a        0x8 CMakeFiles/new_temp.elf.dir/Core/HARDWARE/LCD/lcd_init.c.obj
                0x08000c8a                LCD_WR_DATA8
 .text.LCD_WR_DATA
                0x08000c92       0x14 CMakeFiles/new_temp.elf.dir/Core/HARDWARE/LCD/lcd_init.c.obj
                0x08000c92                LCD_WR_DATA
 *fill*         0x08000ca6        0x2 
 .text.LCD_WR_REG
                0x08000ca8       0x2c CMakeFiles/new_temp.elf.dir/Core/HARDWARE/LCD/lcd_init.c.obj
                0x08000ca8                LCD_WR_REG
 .text.LCD_Address_Set
                0x08000cd4       0x36 CMakeFiles/new_temp.elf.dir/Core/HARDWARE/LCD/lcd_init.c.obj
                0x08000cd4                LCD_Address_Set
 *fill*         0x08000d0a        0x2 
 .text.LCD_Init
                0x08000d0c      0x200 CMakeFiles/new_temp.elf.dir/Core/HARDWARE/LCD/lcd_init.c.obj
                0x08000d0c                LCD_Init
 .text.delay_init
                0x08000f0c       0x30 CMakeFiles/new_temp.elf.dir/Core/SYSTEM/delay/delay.c.obj
                0x08000f0c                delay_init
 .text.delay_ms
                0x08000f3c       0x40 CMakeFiles/new_temp.elf.dir/Core/SYSTEM/delay/delay.c.obj
                0x08000f3c                delay_ms
 .text.MX_GPIO_Init
                0x08000f7c       0xb8 CMakeFiles/new_temp.elf.dir/Core/Src/main.c.obj
 .text.Error_Handler
                0x08001034        0x4 CMakeFiles/new_temp.elf.dir/Core/Src/main.c.obj
                0x08001034                Error_Handler
 .text.MX_SPI1_Init
                0x08001038       0x48 CMakeFiles/new_temp.elf.dir/Core/Src/main.c.obj
 .text.SystemClock_Config
                0x08001080       0x52 CMakeFiles/new_temp.elf.dir/Core/Src/main.c.obj
                0x08001080                SystemClock_Config
 *fill*         0x080010d2        0x2 
 .text.main     0x080010d4       0xdc CMakeFiles/new_temp.elf.dir/Core/Src/main.c.obj
                0x080010d4                main
 .text.HAL_MspInit
                0x080011b0       0x30 CMakeFiles/new_temp.elf.dir/Core/Src/stm32f0xx_hal_msp.c.obj
                0x080011b0                HAL_MspInit
 .text.HAL_SPI_MspInit
                0x080011e0       0x64 CMakeFiles/new_temp.elf.dir/Core/Src/stm32f0xx_hal_msp.c.obj
                0x080011e0                HAL_SPI_MspInit
 .text.NMI_Handler
                0x08001244        0x2 CMakeFiles/new_temp.elf.dir/Core/Src/stm32f0xx_it.c.obj
                0x08001244                NMI_Handler
 .text.HardFault_Handler
                0x08001246        0x2 CMakeFiles/new_temp.elf.dir/Core/Src/stm32f0xx_it.c.obj
                0x08001246                HardFault_Handler
 .text.SVC_Handler
                0x08001248        0x2 CMakeFiles/new_temp.elf.dir/Core/Src/stm32f0xx_it.c.obj
                0x08001248                SVC_Handler
 .text.PendSV_Handler
                0x0800124a        0x2 CMakeFiles/new_temp.elf.dir/Core/Src/stm32f0xx_it.c.obj
                0x0800124a                PendSV_Handler
 .text.SysTick_Handler
                0x0800124c        0x8 CMakeFiles/new_temp.elf.dir/Core/Src/stm32f0xx_it.c.obj
                0x0800124c                SysTick_Handler
 .text.SystemInit
                0x08001254        0x2 CMakeFiles/new_temp.elf.dir/Core/Src/system_stm32f0xx.c.obj
                0x08001254                SystemInit
 *fill*         0x08001256        0x2 
 .text.Reset_Handler
                0x08001258       0x50 CMakeFiles/new_temp.elf.dir/Core/Startup/startup_stm32f030c8tx.s.obj
                0x08001258                Reset_Handler
 .text.Default_Handler
                0x080012a8        0x2 CMakeFiles/new_temp.elf.dir/Core/Startup/startup_stm32f030c8tx.s.obj
                0x080012a8                TIM1_CC_IRQHandler
                0x080012a8                TIM6_IRQHandler
                0x080012a8                I2C1_IRQHandler
                0x080012a8                SPI1_IRQHandler
                0x080012a8                EXTI2_3_IRQHandler
                0x080012a8                ADC1_IRQHandler
                0x080012a8                I2C2_IRQHandler
                0x080012a8                TIM17_IRQHandler
                0x080012a8                RTC_IRQHandler
                0x080012a8                TIM16_IRQHandler
                0x080012a8                TIM3_IRQHandler
                0x080012a8                EXTI4_15_IRQHandler
                0x080012a8                RCC_IRQHandler
                0x080012a8                DMA1_Channel1_IRQHandler
                0x080012a8                Default_Handler
                0x080012a8                TIM14_IRQHandler
                0x080012a8                DMA1_Channel4_5_IRQHandler
                0x080012a8                TIM15_IRQHandler
                0x080012a8                EXTI0_1_IRQHandler
                0x080012a8                SPI2_IRQHandler
                0x080012a8                WWDG_IRQHandler
                0x080012a8                DMA1_Channel2_3_IRQHandler
                0x080012a8                USART2_IRQHandler
                0x080012a8                FLASH_IRQHandler
                0x080012a8                USART1_IRQHandler
                0x080012a8                TIM1_BRK_UP_TRG_COM_IRQHandler
 *fill*         0x080012aa        0x2 
 .text.HAL_InitTick
                0x080012ac       0x50 CMakeFiles/new_temp.elf.dir/Drivers/STM32F0xx_HAL_Driver/Src/stm32f0xx_hal.c.obj
                0x080012ac                HAL_InitTick
 .text.HAL_Init
                0x080012fc       0x20 CMakeFiles/new_temp.elf.dir/Drivers/STM32F0xx_HAL_Driver/Src/stm32f0xx_hal.c.obj
                0x080012fc                HAL_Init
 .text.HAL_IncTick
                0x0800131c       0x18 CMakeFiles/new_temp.elf.dir/Drivers/STM32F0xx_HAL_Driver/Src/stm32f0xx_hal.c.obj
                0x0800131c                HAL_IncTick
 .text.HAL_GetTick
                0x08001334        0xc CMakeFiles/new_temp.elf.dir/Drivers/STM32F0xx_HAL_Driver/Src/stm32f0xx_hal.c.obj
                0x08001334                HAL_GetTick
 .text.HAL_NVIC_SetPriority
                0x08001340       0x60 CMakeFiles/new_temp.elf.dir/Drivers/STM32F0xx_HAL_Driver/Src/stm32f0xx_hal_cortex.c.obj
                0x08001340                HAL_NVIC_SetPriority
 .text.HAL_SYSTICK_Config
                0x080013a0       0x38 CMakeFiles/new_temp.elf.dir/Drivers/STM32F0xx_HAL_Driver/Src/stm32f0xx_hal_cortex.c.obj
                0x080013a0                HAL_SYSTICK_Config
 .text.HAL_GPIO_Init
                0x080013d8      0x188 CMakeFiles/new_temp.elf.dir/Drivers/STM32F0xx_HAL_Driver/Src/stm32f0xx_hal_gpio.c.obj
                0x080013d8                HAL_GPIO_Init
 .text.HAL_GPIO_WritePin
                0x08001560        0xc CMakeFiles/new_temp.elf.dir/Drivers/STM32F0xx_HAL_Driver/Src/stm32f0xx_hal_gpio.c.obj
                0x08001560                HAL_GPIO_WritePin
 .text.HAL_RCC_OscConfig
                0x0800156c      0x49c CMakeFiles/new_temp.elf.dir/Drivers/STM32F0xx_HAL_Driver/Src/stm32f0xx_hal_rcc.c.obj
                0x0800156c                HAL_RCC_OscConfig
 .text.HAL_RCC_GetSysClockFreq
                0x08001a08       0x70 CMakeFiles/new_temp.elf.dir/Drivers/STM32F0xx_HAL_Driver/Src/stm32f0xx_hal_rcc.c.obj
                0x08001a08                HAL_RCC_GetSysClockFreq
 .text.HAL_RCC_ClockConfig
                0x08001a78      0x134 CMakeFiles/new_temp.elf.dir/Drivers/STM32F0xx_HAL_Driver/Src/stm32f0xx_hal_rcc.c.obj
                0x08001a78                HAL_RCC_ClockConfig
 .text.HAL_SPI_Init
                0x08001bac      0x104 CMakeFiles/new_temp.elf.dir/Drivers/STM32F0xx_HAL_Driver/Src/stm32f0xx_hal_spi.c.obj
                0x08001bac                HAL_SPI_Init
 .text.__fixunssfsi
                0x08001cb0       0x30 c:/progra~2/armgnu~1/112202~1.02/bin/../lib/gcc/arm-none-eabi/11.2.1/thumb/v6-m/nofp\libgcc.a(_fixunssfsi.o)
                0x08001cb0                __fixunssfsi
                0x08001cb0                __aeabi_f2uiz
 .text.__aeabi_fmul
                0x08001ce0      0x29c c:/progra~2/armgnu~1/112202~1.02/bin/../lib/gcc/arm-none-eabi/11.2.1/thumb/v6-m/nofp\libgcc.a(mulsf3.o)
                0x08001ce0                __aeabi_fmul
 .text.__aeabi_fsub
                0x08001f7c      0x340 c:/progra~2/armgnu~1/112202~1.02/bin/../lib/gcc/arm-none-eabi/11.2.1/thumb/v6-m/nofp\libgcc.a(subsf3.o)
                0x08001f7c                __aeabi_fsub
 .text.__aeabi_f2iz
                0x080022bc       0x40 c:/progra~2/armgnu~1/112202~1.02/bin/../lib/gcc/arm-none-eabi/11.2.1/thumb/v6-m/nofp\libgcc.a(fixsfsi.o)
                0x080022bc                __aeabi_f2iz
 .text.__aeabi_dadd
                0x080022fc      0x6c0 c:/progra~2/armgnu~1/112202~1.02/bin/../lib/gcc/arm-none-eabi/11.2.1/thumb/v6-m/nofp\libgcc.a(adddf3.o)
                0x080022fc                __aeabi_dadd
 .text.__aeabi_f2d
                0x080029bc       0x90 c:/progra~2/armgnu~1/112202~1.02/bin/../lib/gcc/arm-none-eabi/11.2.1/thumb/v6-m/nofp\libgcc.a(extendsfdf2.o)
                0x080029bc                __aeabi_f2d
 .text.__aeabi_d2f
                0x08002a4c      0x10c c:/progra~2/armgnu~1/112202~1.02/bin/../lib/gcc/arm-none-eabi/11.2.1/thumb/v6-m/nofp\libgcc.a(truncdfsf2.o)
                0x08002a4c                __aeabi_d2f
 .text.__eqsf2  0x08002b58       0x4c c:/progra~2/armgnu~1/112202~1.02/bin/../lib/gcc/arm-none-eabi/11.2.1/thumb/v6-m/nofp\libgcc.a(eqsf2.o)
                0x08002b58                __eqsf2
                0x08002b58                __nesf2
 .text.__gesf2  0x08002ba4       0x8c c:/progra~2/armgnu~1/112202~1.02/bin/../lib/gcc/arm-none-eabi/11.2.1/thumb/v6-m/nofp\libgcc.a(gesf2.o)
                0x08002ba4                __gesf2
                0x08002ba4                __gtsf2
 .text.__lesf2  0x08002c30       0x88 c:/progra~2/armgnu~1/112202~1.02/bin/../lib/gcc/arm-none-eabi/11.2.1/thumb/v6-m/nofp\libgcc.a(lesf2.o)
                0x08002c30                __ltsf2
                0x08002c30                __lesf2
 .text.__libc_init_array
                0x08002cb8       0x44 c:/progra~2/armgnu~1/112202~1.02/bin/../lib/gcc/arm-none-eabi/11.2.1/thumb/v6-m/nofp\libg.a(lib_a-init.o)
                0x08002cb8                __libc_init_array
 .text.memset   0x08002cfc       0xa8 c:/progra~2/armgnu~1/112202~1.02/bin/../lib/gcc/arm-none-eabi/11.2.1/thumb/v6-m/nofp\libg.a(lib_a-memset.o)
                0x08002cfc                memset
 *(.glue_7)
 .glue_7        0x08002da4        0x0 linker stubs
 *(.glue_7t)
 .glue_7t       0x08002da4        0x0 linker stubs
 *(.eh_frame)
 .eh_frame      0x08002da4        0x0 c:/progra~2/armgnu~1/112202~1.02/bin/../lib/gcc/arm-none-eabi/11.2.1/thumb/v6-m/nofp/crtbegin.o
 *(.init)
 .init          0x08002da4        0x4 c:/progra~2/armgnu~1/112202~1.02/bin/../lib/gcc/arm-none-eabi/11.2.1/thumb/v6-m/nofp/crti.o
                0x08002da4                _init
 .init          0x08002da8        0x8 c:/progra~2/armgnu~1/112202~1.02/bin/../lib/gcc/arm-none-eabi/11.2.1/thumb/v6-m/nofp/crtn.o
 *(.fini)
 .fini          0x08002db0        0x4 c:/progra~2/armgnu~1/112202~1.02/bin/../lib/gcc/arm-none-eabi/11.2.1/thumb/v6-m/nofp/crti.o
                0x08002db0                _fini
 .fini          0x08002db4        0x8 c:/progra~2/armgnu~1/112202~1.02/bin/../lib/gcc/arm-none-eabi/11.2.1/thumb/v6-m/nofp/crtn.o
                0x08002dbc                . = ALIGN (0x4)
                0x08002dbc                _etext = .

.vfp11_veneer   0x08002dbc        0x0
 .vfp11_veneer  0x08002dbc        0x0 linker stubs

.v4_bx          0x08002dbc        0x0
 .v4_bx         0x08002dbc        0x0 linker stubs

.iplt           0x08002dbc        0x0
 .iplt          0x08002dbc        0x0 c:/progra~2/armgnu~1/112202~1.02/bin/../lib/gcc/arm-none-eabi/11.2.1/thumb/v6-m/nofp/crtbegin.o

.rodata         0x08002dbc     0x397c
                0x08002dbc                . = ALIGN (0x4)
 *(.rodata)
 *(.rodata*)
 .rodata.ascii_1206
                0x08002dbc      0x474 CMakeFiles/new_temp.elf.dir/Core/HARDWARE/LCD/lcd.c.obj
                0x08002dbc                ascii_1206
 .rodata.ascii_1608
                0x08003230      0x5f0 CMakeFiles/new_temp.elf.dir/Core/HARDWARE/LCD/lcd.c.obj
                0x08003230                ascii_1608
 .rodata.ascii_2412
                0x08003820     0x11d0 CMakeFiles/new_temp.elf.dir/Core/HARDWARE/LCD/lcd.c.obj
                0x08003820                ascii_2412
 .rodata.ascii_3216
                0x080049f0     0x17c0 CMakeFiles/new_temp.elf.dir/Core/HARDWARE/LCD/lcd.c.obj
                0x080049f0                ascii_3216
 .rodata.tfont12
                0x080061b0       0x82 CMakeFiles/new_temp.elf.dir/Core/HARDWARE/LCD/lcd.c.obj
                0x080061b0                tfont12
 *fill*         0x08006232        0x2 
 .rodata.tfont16
                0x08006234       0xaa CMakeFiles/new_temp.elf.dir/Core/HARDWARE/LCD/lcd.c.obj
                0x08006234                tfont16
 *fill*         0x080062de        0x2 
 .rodata.tfont24
                0x080062e0      0x172 CMakeFiles/new_temp.elf.dir/Core/HARDWARE/LCD/lcd.c.obj
                0x080062e0                tfont24
 *fill*         0x08006452        0x2 
 .rodata.tfont32
                0x08006454      0x28a CMakeFiles/new_temp.elf.dir/Core/HARDWARE/LCD/lcd.c.obj
                0x08006454                tfont32
 *fill*         0x080066de        0x2 
 .rodata.main.str1.4
                0x080066e0       0x1f CMakeFiles/new_temp.elf.dir/Core/Src/main.c.obj
 *fill*         0x080066ff        0x1 
 .rodata.AHBPrescTable
                0x08006700       0x10 CMakeFiles/new_temp.elf.dir/Core/Src/system_stm32f0xx.c.obj
                0x08006700                AHBPrescTable
 .rodata.HAL_RCC_GetSysClockFreq.str1.4
                0x08006710       0x25 CMakeFiles/new_temp.elf.dir/Drivers/STM32F0xx_HAL_Driver/Src/stm32f0xx_hal_rcc.c.obj
                0x08006738                . = ALIGN (0x4)
 *fill*         0x08006735        0x3 

.rel.dyn        0x08006738        0x0
 .rel.iplt      0x08006738        0x0 c:/progra~2/armgnu~1/112202~1.02/bin/../lib/gcc/arm-none-eabi/11.2.1/thumb/v6-m/nofp/crtbegin.o

.ARM.extab
 *(.ARM.extab* .gnu.linkonce.armextab.*)

.ARM            0x08006738        0x0
                0x08006738                __exidx_start = .
 *(.ARM.exidx*)
                0x08006738                __exidx_end = .

.preinit_array  0x08006738        0x0
                0x08006738                PROVIDE (__preinit_array_start = .)
 *(.preinit_array*)
                0x08006738                PROVIDE (__preinit_array_end = .)

.init_array     0x08006738        0x4
                0x08006738                PROVIDE (__init_array_start = .)
 *(SORT_BY_NAME(.init_array.*))
 *(.init_array*)
 .init_array    0x08006738        0x4 c:/progra~2/armgnu~1/112202~1.02/bin/../lib/gcc/arm-none-eabi/11.2.1/thumb/v6-m/nofp/crtbegin.o
                0x0800673c                PROVIDE (__init_array_end = .)

.fini_array     0x0800673c        0x4
                [!provide]                PROVIDE (__fini_array_start = .)
 *(SORT_BY_NAME(.fini_array.*))
 *(.fini_array*)
 .fini_array    0x0800673c        0x4 c:/progra~2/armgnu~1/112202~1.02/bin/../lib/gcc/arm-none-eabi/11.2.1/thumb/v6-m/nofp/crtbegin.o
                [!provide]                PROVIDE (__fini_array_end = .)
                0x08006740                _sidata = LOADADDR (.data)

.data           0x20000000        0xc load address 0x08006740
                0x20000000                . = ALIGN (0x4)
                0x20000000                _sdata = .
 *(.data)
 *(.data*)
 .data.SystemCoreClock
                0x20000000        0x4 CMakeFiles/new_temp.elf.dir/Core/Src/system_stm32f0xx.c.obj
                0x20000000                SystemCoreClock
 .data.uwTickFreq
                0x20000004        0x1 CMakeFiles/new_temp.elf.dir/Drivers/STM32F0xx_HAL_Driver/Src/stm32f0xx_hal.c.obj
                0x20000004                uwTickFreq
 *fill*         0x20000005        0x3 
 .data.uwTickPrio
                0x20000008        0x4 CMakeFiles/new_temp.elf.dir/Drivers/STM32F0xx_HAL_Driver/Src/stm32f0xx_hal.c.obj
                0x20000008                uwTickPrio
                0x2000000c                . = ALIGN (0x4)
                0x2000000c                _edata = .

.tm_clone_table
                0x2000000c        0x0 load address 0x0800674c
 .tm_clone_table
                0x2000000c        0x0 c:/progra~2/armgnu~1/112202~1.02/bin/../lib/gcc/arm-none-eabi/11.2.1/thumb/v6-m/nofp/crtbegin.o
 .tm_clone_table
                0x2000000c        0x0 c:/progra~2/armgnu~1/112202~1.02/bin/../lib/gcc/arm-none-eabi/11.2.1/thumb/v6-m/nofp/crtend.o

.igot.plt       0x2000000c        0x0 load address 0x0800674c
 .igot.plt      0x2000000c        0x0 c:/progra~2/armgnu~1/112202~1.02/bin/../lib/gcc/arm-none-eabi/11.2.1/thumb/v6-m/nofp/crtbegin.o
                0x2000000c                . = ALIGN (0x4)

.bss            0x2000000c       0x88 load address 0x0800674c
                0x2000000c                _sbss = .
                0x2000000c                __bss_start__ = _sbss
 *(.bss)
 *(.bss*)
 .bss.completed.1
                0x2000000c        0x1 c:/progra~2/armgnu~1/112202~1.02/bin/../lib/gcc/arm-none-eabi/11.2.1/thumb/v6-m/nofp/crtbegin.o
 *fill*         0x2000000d        0x3 
 .bss.object.0  0x20000010       0x18 c:/progra~2/armgnu~1/112202~1.02/bin/../lib/gcc/arm-none-eabi/11.2.1/thumb/v6-m/nofp/crtbegin.o
 .bss.fac_ms    0x20000028        0x2 CMakeFiles/new_temp.elf.dir/Core/SYSTEM/delay/delay.c.obj
 .bss.fac_us    0x2000002a        0x1 CMakeFiles/new_temp.elf.dir/Core/SYSTEM/delay/delay.c.obj
 *fill*         0x2000002b        0x1 
 .bss.hspi1     0x2000002c       0x64 CMakeFiles/new_temp.elf.dir/Core/Src/main.c.obj
                0x2000002c                hspi1
 .bss.uwTick    0x20000090        0x4 CMakeFiles/new_temp.elf.dir/Drivers/STM32F0xx_HAL_Driver/Src/stm32f0xx_hal.c.obj
                0x20000090                uwTick
 *(COMMON)
                0x20000094                . = ALIGN (0x4)
                0x20000094                _ebss = .
                0x20000094                __bss_end__ = _ebss

._user_heap_stack
                0x20000094      0x604 load address 0x0800674c
                0x20000098                . = ALIGN (0x8)
 *fill*         0x20000094        0x4 
                [!provide]                PROVIDE (end = .)
                0x20000098                PROVIDE (_end = .)
                0x20000298                . = (. + _Min_Heap_Size)
 *fill*         0x20000098      0x200 
                0x20000698                . = (. + _Min_Stack_Size)
 *fill*         0x20000298      0x400 
                0x20000698                . = ALIGN (0x8)

/DISCARD/
 libc.a(*)
 libm.a(*)
 libgcc.a(*)

.ARM.attributes
                0x00000000       0x28
 *(.ARM.attributes)
 .ARM.attributes
                0x00000000       0x1e c:/progra~2/armgnu~1/112202~1.02/bin/../lib/gcc/arm-none-eabi/11.2.1/thumb/v6-m/nofp/crti.o
 .ARM.attributes
                0x0000001e       0x2c c:/progra~2/armgnu~1/112202~1.02/bin/../lib/gcc/arm-none-eabi/11.2.1/thumb/v6-m/nofp/crtbegin.o
 .ARM.attributes
                0x0000004a       0x2c CMakeFiles/new_temp.elf.dir/Core/HARDWARE/LCD/lcd.c.obj
 .ARM.attributes
                0x00000076       0x2c CMakeFiles/new_temp.elf.dir/Core/HARDWARE/LCD/lcd_init.c.obj
 .ARM.attributes
                0x000000a2       0x2c CMakeFiles/new_temp.elf.dir/Core/SYSTEM/delay/delay.c.obj
 .ARM.attributes
                0x000000ce       0x2c CMakeFiles/new_temp.elf.dir/Core/Src/main.c.obj
 .ARM.attributes
                0x000000fa       0x2c CMakeFiles/new_temp.elf.dir/Core/Src/stm32f0xx_hal_msp.c.obj
 .ARM.attributes
                0x00000126       0x2c CMakeFiles/new_temp.elf.dir/Core/Src/stm32f0xx_it.c.obj
 .ARM.attributes
                0x00000152       0x2c CMakeFiles/new_temp.elf.dir/Core/Src/system_stm32f0xx.c.obj
 .ARM.attributes
                0x0000017e       0x21 CMakeFiles/new_temp.elf.dir/Core/Startup/startup_stm32f030c8tx.s.obj
 .ARM.attributes
                0x0000019f       0x2c CMakeFiles/new_temp.elf.dir/Drivers/STM32F0xx_HAL_Driver/Src/stm32f0xx_hal.c.obj
 .ARM.attributes
                0x000001cb       0x2c CMakeFiles/new_temp.elf.dir/Drivers/STM32F0xx_HAL_Driver/Src/stm32f0xx_hal_cortex.c.obj
 .ARM.attributes
                0x000001f7       0x2c CMakeFiles/new_temp.elf.dir/Drivers/STM32F0xx_HAL_Driver/Src/stm32f0xx_hal_gpio.c.obj
 .ARM.attributes
                0x00000223       0x2c CMakeFiles/new_temp.elf.dir/Drivers/STM32F0xx_HAL_Driver/Src/stm32f0xx_hal_rcc.c.obj
 .ARM.attributes
                0x0000024f       0x2c CMakeFiles/new_temp.elf.dir/Drivers/STM32F0xx_HAL_Driver/Src/stm32f0xx_hal_spi.c.obj
 .ARM.attributes
                0x0000027b       0x1e c:/progra~2/armgnu~1/112202~1.02/bin/../lib/gcc/arm-none-eabi/11.2.1/thumb/v6-m/nofp\libgcc.a(_udivsi3.o)
 .ARM.attributes
                0x00000299       0x1e c:/progra~2/armgnu~1/112202~1.02/bin/../lib/gcc/arm-none-eabi/11.2.1/thumb/v6-m/nofp\libgcc.a(_dvmd_tls.o)
 .ARM.attributes
                0x000002b7       0x2c c:/progra~2/armgnu~1/112202~1.02/bin/../lib/gcc/arm-none-eabi/11.2.1/thumb/v6-m/nofp\libgcc.a(_fixunssfsi.o)
 .ARM.attributes
                0x000002e3       0x2c c:/progra~2/armgnu~1/112202~1.02/bin/../lib/gcc/arm-none-eabi/11.2.1/thumb/v6-m/nofp\libgcc.a(mulsf3.o)
 .ARM.attributes
                0x0000030f       0x2c c:/progra~2/armgnu~1/112202~1.02/bin/../lib/gcc/arm-none-eabi/11.2.1/thumb/v6-m/nofp\libgcc.a(subsf3.o)
 .ARM.attributes
                0x0000033b       0x2c c:/progra~2/armgnu~1/112202~1.02/bin/../lib/gcc/arm-none-eabi/11.2.1/thumb/v6-m/nofp\libgcc.a(fixsfsi.o)
 .ARM.attributes
                0x00000367       0x2c c:/progra~2/armgnu~1/112202~1.02/bin/../lib/gcc/arm-none-eabi/11.2.1/thumb/v6-m/nofp\libgcc.a(adddf3.o)
 .ARM.attributes
                0x00000393       0x2c c:/progra~2/armgnu~1/112202~1.02/bin/../lib/gcc/arm-none-eabi/11.2.1/thumb/v6-m/nofp\libgcc.a(extendsfdf2.o)
 .ARM.attributes
                0x000003bf       0x2c c:/progra~2/armgnu~1/112202~1.02/bin/../lib/gcc/arm-none-eabi/11.2.1/thumb/v6-m/nofp\libgcc.a(truncdfsf2.o)
 .ARM.attributes
                0x000003eb       0x1e c:/progra~2/armgnu~1/112202~1.02/bin/../lib/gcc/arm-none-eabi/11.2.1/thumb/v6-m/nofp\libgcc.a(_arm_cmpsf2.o)
 .ARM.attributes
                0x00000409       0x1e c:/progra~2/armgnu~1/112202~1.02/bin/../lib/gcc/arm-none-eabi/11.2.1/thumb/v6-m/nofp\libgcc.a(_clzsi2.o)
 .ARM.attributes
                0x00000427       0x2c c:/progra~2/armgnu~1/112202~1.02/bin/../lib/gcc/arm-none-eabi/11.2.1/thumb/v6-m/nofp\libgcc.a(eqsf2.o)
 .ARM.attributes
                0x00000453       0x2c c:/progra~2/armgnu~1/112202~1.02/bin/../lib/gcc/arm-none-eabi/11.2.1/thumb/v6-m/nofp\libgcc.a(gesf2.o)
 .ARM.attributes
                0x0000047f       0x2c c:/progra~2/armgnu~1/112202~1.02/bin/../lib/gcc/arm-none-eabi/11.2.1/thumb/v6-m/nofp\libgcc.a(lesf2.o)
 .ARM.attributes
                0x000004ab       0x2c c:/progra~2/armgnu~1/112202~1.02/bin/../lib/gcc/arm-none-eabi/11.2.1/thumb/v6-m/nofp\libg.a(lib_a-init.o)
 .ARM.attributes
                0x000004d7       0x2c c:/progra~2/armgnu~1/112202~1.02/bin/../lib/gcc/arm-none-eabi/11.2.1/thumb/v6-m/nofp\libg.a(lib_a-memset.o)
 .ARM.attributes
                0x00000503       0x2c c:/progra~2/armgnu~1/112202~1.02/bin/../lib/gcc/arm-none-eabi/11.2.1/thumb/v6-m/nofp/crtend.o
 .ARM.attributes
                0x0000052f       0x1e c:/progra~2/armgnu~1/112202~1.02/bin/../lib/gcc/arm-none-eabi/11.2.1/thumb/v6-m/nofp/crtn.o
OUTPUT(new_temp.elf elf32-littlearm)
LOAD linker stubs
LOAD c:/progra~2/armgnu~1/112202~1.02/bin/../lib/gcc/arm-none-eabi/11.2.1/thumb/v6-m/nofp\libc.a
LOAD c:/progra~2/armgnu~1/112202~1.02/bin/../lib/gcc/arm-none-eabi/11.2.1/thumb/v6-m/nofp\libm.a
LOAD c:/progra~2/armgnu~1/112202~1.02/bin/../lib/gcc/arm-none-eabi/11.2.1/thumb/v6-m/nofp\libgcc.a

.comment        0x00000000       0x57
 .comment       0x00000000       0x57 c:/progra~2/armgnu~1/112202~1.02/bin/../lib/gcc/arm-none-eabi/11.2.1/thumb/v6-m/nofp/crtbegin.o
                                 0x58 (size before relaxing)
 .comment       0x00000057       0x58 CMakeFiles/new_temp.elf.dir/Core/HARDWARE/LCD/lcd.c.obj
 .comment       0x00000057       0x58 CMakeFiles/new_temp.elf.dir/Core/HARDWARE/LCD/lcd_init.c.obj
 .comment       0x00000057       0x58 CMakeFiles/new_temp.elf.dir/Core/SYSTEM/delay/delay.c.obj
 .comment       0x00000057       0x58 CMakeFiles/new_temp.elf.dir/Core/Src/main.c.obj
 .comment       0x00000057       0x58 CMakeFiles/new_temp.elf.dir/Core/Src/stm32f0xx_hal_msp.c.obj
 .comment       0x00000057       0x58 CMakeFiles/new_temp.elf.dir/Core/Src/stm32f0xx_it.c.obj
 .comment       0x00000057       0x58 CMakeFiles/new_temp.elf.dir/Core/Src/system_stm32f0xx.c.obj
 .comment       0x00000057       0x58 CMakeFiles/new_temp.elf.dir/Drivers/STM32F0xx_HAL_Driver/Src/stm32f0xx_hal.c.obj
 .comment       0x00000057       0x58 CMakeFiles/new_temp.elf.dir/Drivers/STM32F0xx_HAL_Driver/Src/stm32f0xx_hal_cortex.c.obj
 .comment       0x00000057       0x58 CMakeFiles/new_temp.elf.dir/Drivers/STM32F0xx_HAL_Driver/Src/stm32f0xx_hal_gpio.c.obj
 .comment       0x00000057       0x58 CMakeFiles/new_temp.elf.dir/Drivers/STM32F0xx_HAL_Driver/Src/stm32f0xx_hal_rcc.c.obj
 .comment       0x00000057       0x58 CMakeFiles/new_temp.elf.dir/Drivers/STM32F0xx_HAL_Driver/Src/stm32f0xx_hal_spi.c.obj
 .comment       0x00000057       0x58 c:/progra~2/armgnu~1/112202~1.02/bin/../lib/gcc/arm-none-eabi/11.2.1/thumb/v6-m/nofp\libgcc.a(_fixunssfsi.o)
 .comment       0x00000057       0x58 c:/progra~2/armgnu~1/112202~1.02/bin/../lib/gcc/arm-none-eabi/11.2.1/thumb/v6-m/nofp\libgcc.a(mulsf3.o)
 .comment       0x00000057       0x58 c:/progra~2/armgnu~1/112202~1.02/bin/../lib/gcc/arm-none-eabi/11.2.1/thumb/v6-m/nofp\libgcc.a(subsf3.o)
 .comment       0x00000057       0x58 c:/progra~2/armgnu~1/112202~1.02/bin/../lib/gcc/arm-none-eabi/11.2.1/thumb/v6-m/nofp\libgcc.a(fixsfsi.o)
 .comment       0x00000057       0x58 c:/progra~2/armgnu~1/112202~1.02/bin/../lib/gcc/arm-none-eabi/11.2.1/thumb/v6-m/nofp\libgcc.a(adddf3.o)
 .comment       0x00000057       0x58 c:/progra~2/armgnu~1/112202~1.02/bin/../lib/gcc/arm-none-eabi/11.2.1/thumb/v6-m/nofp\libgcc.a(extendsfdf2.o)
 .comment       0x00000057       0x58 c:/progra~2/armgnu~1/112202~1.02/bin/../lib/gcc/arm-none-eabi/11.2.1/thumb/v6-m/nofp\libgcc.a(truncdfsf2.o)
 .comment       0x00000057       0x58 c:/progra~2/armgnu~1/112202~1.02/bin/../lib/gcc/arm-none-eabi/11.2.1/thumb/v6-m/nofp\libgcc.a(eqsf2.o)
 .comment       0x00000057       0x58 c:/progra~2/armgnu~1/112202~1.02/bin/../lib/gcc/arm-none-eabi/11.2.1/thumb/v6-m/nofp\libgcc.a(gesf2.o)
 .comment       0x00000057       0x58 c:/progra~2/armgnu~1/112202~1.02/bin/../lib/gcc/arm-none-eabi/11.2.1/thumb/v6-m/nofp\libgcc.a(lesf2.o)
 .comment       0x00000057       0x58 c:/progra~2/armgnu~1/112202~1.02/bin/../lib/gcc/arm-none-eabi/11.2.1/thumb/v6-m/nofp\libg.a(lib_a-init.o)
 .comment       0x00000057       0x58 c:/progra~2/armgnu~1/112202~1.02/bin/../lib/gcc/arm-none-eabi/11.2.1/thumb/v6-m/nofp\libg.a(lib_a-memset.o)
 .comment       0x00000057       0x58 c:/progra~2/armgnu~1/112202~1.02/bin/../lib/gcc/arm-none-eabi/11.2.1/thumb/v6-m/nofp/crtend.o

.debug_info     0x00000000     0x9fa8
 .debug_info    0x00000000     0x1708 CMakeFiles/new_temp.elf.dir/Core/HARDWARE/LCD/lcd.c.obj
 .debug_info    0x00001708      0xaec CMakeFiles/new_temp.elf.dir/Core/HARDWARE/LCD/lcd_init.c.obj
 .debug_info    0x000021f4      0x474 CMakeFiles/new_temp.elf.dir/Core/SYSTEM/delay/delay.c.obj
 .debug_info    0x00002668      0xec9 CMakeFiles/new_temp.elf.dir/Core/Src/main.c.obj
 .debug_info    0x00003531      0x895 CMakeFiles/new_temp.elf.dir/Core/Src/stm32f0xx_hal_msp.c.obj
 .debug_info    0x00003dc6       0xdd CMakeFiles/new_temp.elf.dir/Core/Src/stm32f0xx_it.c.obj
 .debug_info    0x00003ea3      0x264 CMakeFiles/new_temp.elf.dir/Core/Src/system_stm32f0xx.c.obj
 .debug_info    0x00004107       0x23 CMakeFiles/new_temp.elf.dir/Core/Startup/startup_stm32f030c8tx.s.obj
 .debug_info    0x0000412a      0x713 CMakeFiles/new_temp.elf.dir/Drivers/STM32F0xx_HAL_Driver/Src/stm32f0xx_hal.c.obj
 .debug_info    0x0000483d      0x7b2 CMakeFiles/new_temp.elf.dir/Drivers/STM32F0xx_HAL_Driver/Src/stm32f0xx_hal_cortex.c.obj
 .debug_info    0x00004fef      0x5f9 CMakeFiles/new_temp.elf.dir/Drivers/STM32F0xx_HAL_Driver/Src/stm32f0xx_hal_gpio.c.obj
 .debug_info    0x000055e8      0xa35 CMakeFiles/new_temp.elf.dir/Drivers/STM32F0xx_HAL_Driver/Src/stm32f0xx_hal_rcc.c.obj
 .debug_info    0x0000601d     0x2083 CMakeFiles/new_temp.elf.dir/Drivers/STM32F0xx_HAL_Driver/Src/stm32f0xx_hal_spi.c.obj
 .debug_info    0x000080a0       0x25 c:/progra~2/armgnu~1/112202~1.02/bin/../lib/gcc/arm-none-eabi/11.2.1/thumb/v6-m/nofp\libgcc.a(_udivsi3.o)
 .debug_info    0x000080c5       0x24 c:/progra~2/armgnu~1/112202~1.02/bin/../lib/gcc/arm-none-eabi/11.2.1/thumb/v6-m/nofp\libgcc.a(_dvmd_tls.o)
 .debug_info    0x000080e9      0x31e c:/progra~2/armgnu~1/112202~1.02/bin/../lib/gcc/arm-none-eabi/11.2.1/thumb/v6-m/nofp\libgcc.a(_fixunssfsi.o)
 .debug_info    0x00008407      0x3b0 c:/progra~2/armgnu~1/112202~1.02/bin/../lib/gcc/arm-none-eabi/11.2.1/thumb/v6-m/nofp\libgcc.a(mulsf3.o)
 .debug_info    0x000087b7      0x314 c:/progra~2/armgnu~1/112202~1.02/bin/../lib/gcc/arm-none-eabi/11.2.1/thumb/v6-m/nofp\libgcc.a(subsf3.o)
 .debug_info    0x00008acb      0x1a8 c:/progra~2/armgnu~1/112202~1.02/bin/../lib/gcc/arm-none-eabi/11.2.1/thumb/v6-m/nofp\libgcc.a(fixsfsi.o)
 .debug_info    0x00008c73      0x581 c:/progra~2/armgnu~1/112202~1.02/bin/../lib/gcc/arm-none-eabi/11.2.1/thumb/v6-m/nofp\libgcc.a(adddf3.o)
 .debug_info    0x000091f4      0x26e c:/progra~2/armgnu~1/112202~1.02/bin/../lib/gcc/arm-none-eabi/11.2.1/thumb/v6-m/nofp\libgcc.a(extendsfdf2.o)
 .debug_info    0x00009462      0x27d c:/progra~2/armgnu~1/112202~1.02/bin/../lib/gcc/arm-none-eabi/11.2.1/thumb/v6-m/nofp\libgcc.a(truncdfsf2.o)
 .debug_info    0x000096df       0x24 c:/progra~2/armgnu~1/112202~1.02/bin/../lib/gcc/arm-none-eabi/11.2.1/thumb/v6-m/nofp\libgcc.a(_arm_cmpsf2.o)
 .debug_info    0x00009703       0x24 c:/progra~2/armgnu~1/112202~1.02/bin/../lib/gcc/arm-none-eabi/11.2.1/thumb/v6-m/nofp\libgcc.a(_clzsi2.o)
 .debug_info    0x00009727      0x203 c:/progra~2/armgnu~1/112202~1.02/bin/../lib/gcc/arm-none-eabi/11.2.1/thumb/v6-m/nofp\libgcc.a(eqsf2.o)
 .debug_info    0x0000992a      0x21f c:/progra~2/armgnu~1/112202~1.02/bin/../lib/gcc/arm-none-eabi/11.2.1/thumb/v6-m/nofp\libgcc.a(gesf2.o)
 .debug_info    0x00009b49      0x21f c:/progra~2/armgnu~1/112202~1.02/bin/../lib/gcc/arm-none-eabi/11.2.1/thumb/v6-m/nofp\libgcc.a(lesf2.o)
 .debug_info    0x00009d68      0x10b c:/progra~2/armgnu~1/112202~1.02/bin/../lib/gcc/arm-none-eabi/11.2.1/thumb/v6-m/nofp\libg.a(lib_a-init.o)
 .debug_info    0x00009e73      0x135 c:/progra~2/armgnu~1/112202~1.02/bin/../lib/gcc/arm-none-eabi/11.2.1/thumb/v6-m/nofp\libg.a(lib_a-memset.o)

.debug_abbrev   0x00000000     0x2657
 .debug_abbrev  0x00000000      0x25c CMakeFiles/new_temp.elf.dir/Core/HARDWARE/LCD/lcd.c.obj
 .debug_abbrev  0x0000025c      0x162 CMakeFiles/new_temp.elf.dir/Core/HARDWARE/LCD/lcd_init.c.obj
 .debug_abbrev  0x000003be      0x1b5 CMakeFiles/new_temp.elf.dir/Core/SYSTEM/delay/delay.c.obj
 .debug_abbrev  0x00000573      0x295 CMakeFiles/new_temp.elf.dir/Core/Src/main.c.obj
 .debug_abbrev  0x00000808      0x1bb CMakeFiles/new_temp.elf.dir/Core/Src/stm32f0xx_hal_msp.c.obj
 .debug_abbrev  0x000009c3       0x7c CMakeFiles/new_temp.elf.dir/Core/Src/stm32f0xx_it.c.obj
 .debug_abbrev  0x00000a3f      0x136 CMakeFiles/new_temp.elf.dir/Core/Src/system_stm32f0xx.c.obj
 .debug_abbrev  0x00000b75       0x12 CMakeFiles/new_temp.elf.dir/Core/Startup/startup_stm32f030c8tx.s.obj
 .debug_abbrev  0x00000b87      0x269 CMakeFiles/new_temp.elf.dir/Drivers/STM32F0xx_HAL_Driver/Src/stm32f0xx_hal.c.obj
 .debug_abbrev  0x00000df0      0x2ac CMakeFiles/new_temp.elf.dir/Drivers/STM32F0xx_HAL_Driver/Src/stm32f0xx_hal_cortex.c.obj
 .debug_abbrev  0x0000109c      0x1f6 CMakeFiles/new_temp.elf.dir/Drivers/STM32F0xx_HAL_Driver/Src/stm32f0xx_hal_gpio.c.obj
 .debug_abbrev  0x00001292      0x29c CMakeFiles/new_temp.elf.dir/Drivers/STM32F0xx_HAL_Driver/Src/stm32f0xx_hal_rcc.c.obj
 .debug_abbrev  0x0000152e      0x26a CMakeFiles/new_temp.elf.dir/Drivers/STM32F0xx_HAL_Driver/Src/stm32f0xx_hal_spi.c.obj
 .debug_abbrev  0x00001798       0x14 c:/progra~2/armgnu~1/112202~1.02/bin/../lib/gcc/arm-none-eabi/11.2.1/thumb/v6-m/nofp\libgcc.a(_udivsi3.o)
 .debug_abbrev  0x000017ac       0x14 c:/progra~2/armgnu~1/112202~1.02/bin/../lib/gcc/arm-none-eabi/11.2.1/thumb/v6-m/nofp\libgcc.a(_dvmd_tls.o)
 .debug_abbrev  0x000017c0       0xed c:/progra~2/armgnu~1/112202~1.02/bin/../lib/gcc/arm-none-eabi/11.2.1/thumb/v6-m/nofp\libgcc.a(_fixunssfsi.o)
 .debug_abbrev  0x000018ad      0x162 c:/progra~2/armgnu~1/112202~1.02/bin/../lib/gcc/arm-none-eabi/11.2.1/thumb/v6-m/nofp\libgcc.a(mulsf3.o)
 .debug_abbrev  0x00001a0f      0x16c c:/progra~2/armgnu~1/112202~1.02/bin/../lib/gcc/arm-none-eabi/11.2.1/thumb/v6-m/nofp\libgcc.a(subsf3.o)
 .debug_abbrev  0x00001b7b      0x154 c:/progra~2/armgnu~1/112202~1.02/bin/../lib/gcc/arm-none-eabi/11.2.1/thumb/v6-m/nofp\libgcc.a(fixsfsi.o)
 .debug_abbrev  0x00001ccf      0x16e c:/progra~2/armgnu~1/112202~1.02/bin/../lib/gcc/arm-none-eabi/11.2.1/thumb/v6-m/nofp\libgcc.a(adddf3.o)
 .debug_abbrev  0x00001e3d      0x146 c:/progra~2/armgnu~1/112202~1.02/bin/../lib/gcc/arm-none-eabi/11.2.1/thumb/v6-m/nofp\libgcc.a(extendsfdf2.o)
 .debug_abbrev  0x00001f83      0x137 c:/progra~2/armgnu~1/112202~1.02/bin/../lib/gcc/arm-none-eabi/11.2.1/thumb/v6-m/nofp\libgcc.a(truncdfsf2.o)
 .debug_abbrev  0x000020ba       0x14 c:/progra~2/armgnu~1/112202~1.02/bin/../lib/gcc/arm-none-eabi/11.2.1/thumb/v6-m/nofp\libgcc.a(_arm_cmpsf2.o)
 .debug_abbrev  0x000020ce       0x14 c:/progra~2/armgnu~1/112202~1.02/bin/../lib/gcc/arm-none-eabi/11.2.1/thumb/v6-m/nofp\libgcc.a(_clzsi2.o)
 .debug_abbrev  0x000020e2      0x141 c:/progra~2/armgnu~1/112202~1.02/bin/../lib/gcc/arm-none-eabi/11.2.1/thumb/v6-m/nofp\libgcc.a(eqsf2.o)
 .debug_abbrev  0x00002223      0x15a c:/progra~2/armgnu~1/112202~1.02/bin/../lib/gcc/arm-none-eabi/11.2.1/thumb/v6-m/nofp\libgcc.a(gesf2.o)
 .debug_abbrev  0x0000237d      0x15a c:/progra~2/armgnu~1/112202~1.02/bin/../lib/gcc/arm-none-eabi/11.2.1/thumb/v6-m/nofp\libgcc.a(lesf2.o)
 .debug_abbrev  0x000024d7       0xc9 c:/progra~2/armgnu~1/112202~1.02/bin/../lib/gcc/arm-none-eabi/11.2.1/thumb/v6-m/nofp\libg.a(lib_a-init.o)
 .debug_abbrev  0x000025a0       0xb7 c:/progra~2/armgnu~1/112202~1.02/bin/../lib/gcc/arm-none-eabi/11.2.1/thumb/v6-m/nofp\libg.a(lib_a-memset.o)

.debug_loclists
                0x00000000     0x5d89
 .debug_loclists
                0x00000000     0x12c0 CMakeFiles/new_temp.elf.dir/Core/HARDWARE/LCD/lcd.c.obj
 .debug_loclists
                0x000012c0      0x111 CMakeFiles/new_temp.elf.dir/Core/HARDWARE/LCD/lcd_init.c.obj
 .debug_loclists
                0x000013d1       0x50 CMakeFiles/new_temp.elf.dir/Core/SYSTEM/delay/delay.c.obj
 .debug_loclists
                0x00001421       0x2f CMakeFiles/new_temp.elf.dir/Core/Src/main.c.obj
 .debug_loclists
                0x00001450       0x59 CMakeFiles/new_temp.elf.dir/Core/Src/stm32f0xx_hal_msp.c.obj
 .debug_loclists
                0x000014a9       0xdc CMakeFiles/new_temp.elf.dir/Core/Src/system_stm32f0xx.c.obj
 .debug_loclists
                0x00001585       0xc9 CMakeFiles/new_temp.elf.dir/Drivers/STM32F0xx_HAL_Driver/Src/stm32f0xx_hal.c.obj
 .debug_loclists
                0x0000164e      0x29d CMakeFiles/new_temp.elf.dir/Drivers/STM32F0xx_HAL_Driver/Src/stm32f0xx_hal_cortex.c.obj
 .debug_loclists
                0x000018eb      0x25d CMakeFiles/new_temp.elf.dir/Drivers/STM32F0xx_HAL_Driver/Src/stm32f0xx_hal_gpio.c.obj
 .debug_loclists
                0x00001b48      0x3ec CMakeFiles/new_temp.elf.dir/Drivers/STM32F0xx_HAL_Driver/Src/stm32f0xx_hal_rcc.c.obj
 .debug_loclists
                0x00001f34     0x14e6 CMakeFiles/new_temp.elf.dir/Drivers/STM32F0xx_HAL_Driver/Src/stm32f0xx_hal_spi.c.obj
 .debug_loclists
                0x0000341a       0x33 c:/progra~2/armgnu~1/112202~1.02/bin/../lib/gcc/arm-none-eabi/11.2.1/thumb/v6-m/nofp\libgcc.a(_fixunssfsi.o)
 .debug_loclists
                0x0000344d      0x6a4 c:/progra~2/armgnu~1/112202~1.02/bin/../lib/gcc/arm-none-eabi/11.2.1/thumb/v6-m/nofp\libgcc.a(mulsf3.o)
 .debug_loclists
                0x00003af1      0x8b9 c:/progra~2/armgnu~1/112202~1.02/bin/../lib/gcc/arm-none-eabi/11.2.1/thumb/v6-m/nofp\libgcc.a(subsf3.o)
 .debug_loclists
                0x000043aa       0xa2 c:/progra~2/armgnu~1/112202~1.02/bin/../lib/gcc/arm-none-eabi/11.2.1/thumb/v6-m/nofp\libgcc.a(fixsfsi.o)
 .debug_loclists
                0x0000444c      0xf56 c:/progra~2/armgnu~1/112202~1.02/bin/../lib/gcc/arm-none-eabi/11.2.1/thumb/v6-m/nofp\libgcc.a(adddf3.o)
 .debug_loclists
                0x000053a2      0x1ae c:/progra~2/armgnu~1/112202~1.02/bin/../lib/gcc/arm-none-eabi/11.2.1/thumb/v6-m/nofp\libgcc.a(extendsfdf2.o)
 .debug_loclists
                0x00005550      0x2a0 c:/progra~2/armgnu~1/112202~1.02/bin/../lib/gcc/arm-none-eabi/11.2.1/thumb/v6-m/nofp\libgcc.a(truncdfsf2.o)
 .debug_loclists
                0x000057f0       0x85 c:/progra~2/armgnu~1/112202~1.02/bin/../lib/gcc/arm-none-eabi/11.2.1/thumb/v6-m/nofp\libgcc.a(eqsf2.o)
 .debug_loclists
                0x00005875      0x179 c:/progra~2/armgnu~1/112202~1.02/bin/../lib/gcc/arm-none-eabi/11.2.1/thumb/v6-m/nofp\libgcc.a(gesf2.o)
 .debug_loclists
                0x000059ee      0x16c c:/progra~2/armgnu~1/112202~1.02/bin/../lib/gcc/arm-none-eabi/11.2.1/thumb/v6-m/nofp\libgcc.a(lesf2.o)
 .debug_loclists
                0x00005b5a       0x64 c:/progra~2/armgnu~1/112202~1.02/bin/../lib/gcc/arm-none-eabi/11.2.1/thumb/v6-m/nofp\libg.a(lib_a-init.o)
 .debug_loclists
                0x00005bbe      0x1cb c:/progra~2/armgnu~1/112202~1.02/bin/../lib/gcc/arm-none-eabi/11.2.1/thumb/v6-m/nofp\libg.a(lib_a-memset.o)

.debug_aranges  0x00000000      0x808
 .debug_aranges
                0x00000000       0x98 CMakeFiles/new_temp.elf.dir/Core/HARDWARE/LCD/lcd.c.obj
 .debug_aranges
                0x00000098       0x48 CMakeFiles/new_temp.elf.dir/Core/HARDWARE/LCD/lcd_init.c.obj
 .debug_aranges
                0x000000e0       0x30 CMakeFiles/new_temp.elf.dir/Core/SYSTEM/delay/delay.c.obj
 .debug_aranges
                0x00000110       0x40 CMakeFiles/new_temp.elf.dir/Core/Src/main.c.obj
 .debug_aranges
                0x00000150       0x30 CMakeFiles/new_temp.elf.dir/Core/Src/stm32f0xx_hal_msp.c.obj
 .debug_aranges
                0x00000180       0x40 CMakeFiles/new_temp.elf.dir/Core/Src/stm32f0xx_it.c.obj
 .debug_aranges
                0x000001c0       0x28 CMakeFiles/new_temp.elf.dir/Core/Src/system_stm32f0xx.c.obj
 .debug_aranges
                0x000001e8       0x28 CMakeFiles/new_temp.elf.dir/Core/Startup/startup_stm32f030c8tx.s.obj
 .debug_aranges
                0x00000210       0xd0 CMakeFiles/new_temp.elf.dir/Drivers/STM32F0xx_HAL_Driver/Src/stm32f0xx_hal.c.obj
 .debug_aranges
                0x000002e0       0x78 CMakeFiles/new_temp.elf.dir/Drivers/STM32F0xx_HAL_Driver/Src/stm32f0xx_hal_cortex.c.obj
 .debug_aranges
                0x00000358       0x58 CMakeFiles/new_temp.elf.dir/Drivers/STM32F0xx_HAL_Driver/Src/stm32f0xx_hal_gpio.c.obj
 .debug_aranges
                0x000003b0       0x80 CMakeFiles/new_temp.elf.dir/Drivers/STM32F0xx_HAL_Driver/Src/stm32f0xx_hal_rcc.c.obj
 .debug_aranges
                0x00000430      0x1d8 CMakeFiles/new_temp.elf.dir/Drivers/STM32F0xx_HAL_Driver/Src/stm32f0xx_hal_spi.c.obj
 .debug_aranges
                0x00000608       0x20 c:/progra~2/armgnu~1/112202~1.02/bin/../lib/gcc/arm-none-eabi/11.2.1/thumb/v6-m/nofp\libgcc.a(_udivsi3.o)
 .debug_aranges
                0x00000628       0x20 c:/progra~2/armgnu~1/112202~1.02/bin/../lib/gcc/arm-none-eabi/11.2.1/thumb/v6-m/nofp\libgcc.a(_dvmd_tls.o)
 .debug_aranges
                0x00000648       0x20 c:/progra~2/armgnu~1/112202~1.02/bin/../lib/gcc/arm-none-eabi/11.2.1/thumb/v6-m/nofp\libgcc.a(_fixunssfsi.o)
 .debug_aranges
                0x00000668       0x20 c:/progra~2/armgnu~1/112202~1.02/bin/../lib/gcc/arm-none-eabi/11.2.1/thumb/v6-m/nofp\libgcc.a(mulsf3.o)
 .debug_aranges
                0x00000688       0x20 c:/progra~2/armgnu~1/112202~1.02/bin/../lib/gcc/arm-none-eabi/11.2.1/thumb/v6-m/nofp\libgcc.a(subsf3.o)
 .debug_aranges
                0x000006a8       0x20 c:/progra~2/armgnu~1/112202~1.02/bin/../lib/gcc/arm-none-eabi/11.2.1/thumb/v6-m/nofp\libgcc.a(fixsfsi.o)
 .debug_aranges
                0x000006c8       0x20 c:/progra~2/armgnu~1/112202~1.02/bin/../lib/gcc/arm-none-eabi/11.2.1/thumb/v6-m/nofp\libgcc.a(adddf3.o)
 .debug_aranges
                0x000006e8       0x20 c:/progra~2/armgnu~1/112202~1.02/bin/../lib/gcc/arm-none-eabi/11.2.1/thumb/v6-m/nofp\libgcc.a(extendsfdf2.o)
 .debug_aranges
                0x00000708       0x20 c:/progra~2/armgnu~1/112202~1.02/bin/../lib/gcc/arm-none-eabi/11.2.1/thumb/v6-m/nofp\libgcc.a(truncdfsf2.o)
 .debug_aranges
                0x00000728       0x20 c:/progra~2/armgnu~1/112202~1.02/bin/../lib/gcc/arm-none-eabi/11.2.1/thumb/v6-m/nofp\libgcc.a(_arm_cmpsf2.o)
 .debug_aranges
                0x00000748       0x20 c:/progra~2/armgnu~1/112202~1.02/bin/../lib/gcc/arm-none-eabi/11.2.1/thumb/v6-m/nofp\libgcc.a(_clzsi2.o)
 .debug_aranges
                0x00000768       0x20 c:/progra~2/armgnu~1/112202~1.02/bin/../lib/gcc/arm-none-eabi/11.2.1/thumb/v6-m/nofp\libgcc.a(eqsf2.o)
 .debug_aranges
                0x00000788       0x20 c:/progra~2/armgnu~1/112202~1.02/bin/../lib/gcc/arm-none-eabi/11.2.1/thumb/v6-m/nofp\libgcc.a(gesf2.o)
 .debug_aranges
                0x000007a8       0x20 c:/progra~2/armgnu~1/112202~1.02/bin/../lib/gcc/arm-none-eabi/11.2.1/thumb/v6-m/nofp\libgcc.a(lesf2.o)
 .debug_aranges
                0x000007c8       0x20 c:/progra~2/armgnu~1/112202~1.02/bin/../lib/gcc/arm-none-eabi/11.2.1/thumb/v6-m/nofp\libg.a(lib_a-init.o)
 .debug_aranges
                0x000007e8       0x20 c:/progra~2/armgnu~1/112202~1.02/bin/../lib/gcc/arm-none-eabi/11.2.1/thumb/v6-m/nofp\libg.a(lib_a-memset.o)

.debug_rnglists
                0x00000000      0xb1b
 .debug_rnglists
                0x00000000       0x77 CMakeFiles/new_temp.elf.dir/Core/HARDWARE/LCD/lcd.c.obj
 .debug_rnglists
                0x00000077       0x32 CMakeFiles/new_temp.elf.dir/Core/HARDWARE/LCD/lcd_init.c.obj
 .debug_rnglists
                0x000000a9       0x1f CMakeFiles/new_temp.elf.dir/Core/SYSTEM/delay/delay.c.obj
 .debug_rnglists
                0x000000c8       0x2d CMakeFiles/new_temp.elf.dir/Core/Src/main.c.obj
 .debug_rnglists
                0x000000f5       0x1f CMakeFiles/new_temp.elf.dir/Core/Src/stm32f0xx_hal_msp.c.obj
 .debug_rnglists
                0x00000114       0x2b CMakeFiles/new_temp.elf.dir/Core/Src/stm32f0xx_it.c.obj
 .debug_rnglists
                0x0000013f       0x1a CMakeFiles/new_temp.elf.dir/Core/Src/system_stm32f0xx.c.obj
 .debug_rnglists
                0x00000159       0x19 CMakeFiles/new_temp.elf.dir/Core/Startup/startup_stm32f030c8tx.s.obj
 .debug_rnglists
                0x00000172       0x97 CMakeFiles/new_temp.elf.dir/Drivers/STM32F0xx_HAL_Driver/Src/stm32f0xx_hal.c.obj
 .debug_rnglists
                0x00000209       0x85 CMakeFiles/new_temp.elf.dir/Drivers/STM32F0xx_HAL_Driver/Src/stm32f0xx_hal_cortex.c.obj
 .debug_rnglists
                0x0000028e       0x3f CMakeFiles/new_temp.elf.dir/Drivers/STM32F0xx_HAL_Driver/Src/stm32f0xx_hal_gpio.c.obj
 .debug_rnglists
                0x000002cd       0x6e CMakeFiles/new_temp.elf.dir/Drivers/STM32F0xx_HAL_Driver/Src/stm32f0xx_hal_rcc.c.obj
 .debug_rnglists
                0x0000033b      0x171 CMakeFiles/new_temp.elf.dir/Drivers/STM32F0xx_HAL_Driver/Src/stm32f0xx_hal_spi.c.obj
 .debug_rnglists
                0x000004ac       0x13 c:/progra~2/armgnu~1/112202~1.02/bin/../lib/gcc/arm-none-eabi/11.2.1/thumb/v6-m/nofp\libgcc.a(_fixunssfsi.o)
 .debug_rnglists
                0x000004bf       0x8a c:/progra~2/armgnu~1/112202~1.02/bin/../lib/gcc/arm-none-eabi/11.2.1/thumb/v6-m/nofp\libgcc.a(mulsf3.o)
 .debug_rnglists
                0x00000549      0x17c c:/progra~2/armgnu~1/112202~1.02/bin/../lib/gcc/arm-none-eabi/11.2.1/thumb/v6-m/nofp\libgcc.a(subsf3.o)
 .debug_rnglists
                0x000006c5       0x2b c:/progra~2/armgnu~1/112202~1.02/bin/../lib/gcc/arm-none-eabi/11.2.1/thumb/v6-m/nofp\libgcc.a(fixsfsi.o)
 .debug_rnglists
                0x000006f0      0x2ad c:/progra~2/armgnu~1/112202~1.02/bin/../lib/gcc/arm-none-eabi/11.2.1/thumb/v6-m/nofp\libgcc.a(adddf3.o)
 .debug_rnglists
                0x0000099d       0x53 c:/progra~2/armgnu~1/112202~1.02/bin/../lib/gcc/arm-none-eabi/11.2.1/thumb/v6-m/nofp\libgcc.a(extendsfdf2.o)
 .debug_rnglists
                0x000009f0       0x57 c:/progra~2/armgnu~1/112202~1.02/bin/../lib/gcc/arm-none-eabi/11.2.1/thumb/v6-m/nofp\libgcc.a(truncdfsf2.o)
 .debug_rnglists
                0x00000a47       0x31 c:/progra~2/armgnu~1/112202~1.02/bin/../lib/gcc/arm-none-eabi/11.2.1/thumb/v6-m/nofp\libgcc.a(eqsf2.o)
 .debug_rnglists
                0x00000a78       0x3e c:/progra~2/armgnu~1/112202~1.02/bin/../lib/gcc/arm-none-eabi/11.2.1/thumb/v6-m/nofp\libgcc.a(gesf2.o)
 .debug_rnglists
                0x00000ab6       0x3e c:/progra~2/armgnu~1/112202~1.02/bin/../lib/gcc/arm-none-eabi/11.2.1/thumb/v6-m/nofp\libgcc.a(lesf2.o)
 .debug_rnglists
                0x00000af4       0x13 c:/progra~2/armgnu~1/112202~1.02/bin/../lib/gcc/arm-none-eabi/11.2.1/thumb/v6-m/nofp\libg.a(lib_a-init.o)
 .debug_rnglists
                0x00000b07       0x14 c:/progra~2/armgnu~1/112202~1.02/bin/../lib/gcc/arm-none-eabi/11.2.1/thumb/v6-m/nofp\libg.a(lib_a-memset.o)

.debug_line     0x00000000     0x8d11
 .debug_line    0x00000000      0xbf3 CMakeFiles/new_temp.elf.dir/Core/HARDWARE/LCD/lcd.c.obj
 .debug_line    0x00000bf3      0x326 CMakeFiles/new_temp.elf.dir/Core/HARDWARE/LCD/lcd_init.c.obj
 .debug_line    0x00000f19      0x272 CMakeFiles/new_temp.elf.dir/Core/SYSTEM/delay/delay.c.obj
 .debug_line    0x0000118b      0x4df CMakeFiles/new_temp.elf.dir/Core/Src/main.c.obj
 .debug_line    0x0000166a      0x286 CMakeFiles/new_temp.elf.dir/Core/Src/stm32f0xx_hal_msp.c.obj
 .debug_line    0x000018f0      0x119 CMakeFiles/new_temp.elf.dir/Core/Src/stm32f0xx_it.c.obj
 .debug_line    0x00001a09      0x211 CMakeFiles/new_temp.elf.dir/Core/Src/system_stm32f0xx.c.obj
 .debug_line    0x00001c1a       0x7b CMakeFiles/new_temp.elf.dir/Core/Startup/startup_stm32f030c8tx.s.obj
 .debug_line    0x00001c95      0x518 CMakeFiles/new_temp.elf.dir/Drivers/STM32F0xx_HAL_Driver/Src/stm32f0xx_hal.c.obj
 .debug_line    0x000021ad      0x512 CMakeFiles/new_temp.elf.dir/Drivers/STM32F0xx_HAL_Driver/Src/stm32f0xx_hal_cortex.c.obj
 .debug_line    0x000026bf      0x689 CMakeFiles/new_temp.elf.dir/Drivers/STM32F0xx_HAL_Driver/Src/stm32f0xx_hal_gpio.c.obj
 .debug_line    0x00002d48      0xb9b CMakeFiles/new_temp.elf.dir/Drivers/STM32F0xx_HAL_Driver/Src/stm32f0xx_hal_rcc.c.obj
 .debug_line    0x000038e3     0x2886 CMakeFiles/new_temp.elf.dir/Drivers/STM32F0xx_HAL_Driver/Src/stm32f0xx_hal_spi.c.obj
 .debug_line    0x00006169       0x56 c:/progra~2/armgnu~1/112202~1.02/bin/../lib/gcc/arm-none-eabi/11.2.1/thumb/v6-m/nofp\libgcc.a(_udivsi3.o)
 .debug_line    0x000061bf       0x4a c:/progra~2/armgnu~1/112202~1.02/bin/../lib/gcc/arm-none-eabi/11.2.1/thumb/v6-m/nofp\libgcc.a(_dvmd_tls.o)
 .debug_line    0x00006209       0xd5 c:/progra~2/armgnu~1/112202~1.02/bin/../lib/gcc/arm-none-eabi/11.2.1/thumb/v6-m/nofp\libgcc.a(_fixunssfsi.o)
 .debug_line    0x000062de      0x562 c:/progra~2/armgnu~1/112202~1.02/bin/../lib/gcc/arm-none-eabi/11.2.1/thumb/v6-m/nofp\libgcc.a(mulsf3.o)
 .debug_line    0x00006840      0x6e9 c:/progra~2/armgnu~1/112202~1.02/bin/../lib/gcc/arm-none-eabi/11.2.1/thumb/v6-m/nofp\libgcc.a(subsf3.o)
 .debug_line    0x00006f29      0x136 c:/progra~2/armgnu~1/112202~1.02/bin/../lib/gcc/arm-none-eabi/11.2.1/thumb/v6-m/nofp\libgcc.a(fixsfsi.o)
 .debug_line    0x0000705f      0xe6e c:/progra~2/armgnu~1/112202~1.02/bin/../lib/gcc/arm-none-eabi/11.2.1/thumb/v6-m/nofp\libgcc.a(adddf3.o)
 .debug_line    0x00007ecd      0x27b c:/progra~2/armgnu~1/112202~1.02/bin/../lib/gcc/arm-none-eabi/11.2.1/thumb/v6-m/nofp\libgcc.a(extendsfdf2.o)
 .debug_line    0x00008148      0x329 c:/progra~2/armgnu~1/112202~1.02/bin/../lib/gcc/arm-none-eabi/11.2.1/thumb/v6-m/nofp\libgcc.a(truncdfsf2.o)
 .debug_line    0x00008471       0x5f c:/progra~2/armgnu~1/112202~1.02/bin/../lib/gcc/arm-none-eabi/11.2.1/thumb/v6-m/nofp\libgcc.a(_arm_cmpsf2.o)
 .debug_line    0x000084d0       0x5e c:/progra~2/armgnu~1/112202~1.02/bin/../lib/gcc/arm-none-eabi/11.2.1/thumb/v6-m/nofp\libgcc.a(_clzsi2.o)
 .debug_line    0x0000852e      0x12f c:/progra~2/armgnu~1/112202~1.02/bin/../lib/gcc/arm-none-eabi/11.2.1/thumb/v6-m/nofp\libgcc.a(eqsf2.o)
 .debug_line    0x0000865d      0x183 c:/progra~2/armgnu~1/112202~1.02/bin/../lib/gcc/arm-none-eabi/11.2.1/thumb/v6-m/nofp\libgcc.a(gesf2.o)
 .debug_line    0x000087e0      0x17a c:/progra~2/armgnu~1/112202~1.02/bin/../lib/gcc/arm-none-eabi/11.2.1/thumb/v6-m/nofp\libgcc.a(lesf2.o)
 .debug_line    0x0000895a      0x16d c:/progra~2/armgnu~1/112202~1.02/bin/../lib/gcc/arm-none-eabi/11.2.1/thumb/v6-m/nofp\libg.a(lib_a-init.o)
 .debug_line    0x00008ac7      0x24a c:/progra~2/armgnu~1/112202~1.02/bin/../lib/gcc/arm-none-eabi/11.2.1/thumb/v6-m/nofp\libg.a(lib_a-memset.o)

.debug_str      0x00000000     0x28d1
 .debug_str     0x00000000      0x3d1 CMakeFiles/new_temp.elf.dir/Core/HARDWARE/LCD/lcd.c.obj
                                0x416 (size before relaxing)
 .debug_str     0x000003d1       0xe7 CMakeFiles/new_temp.elf.dir/Core/HARDWARE/LCD/lcd_init.c.obj
                                0x299 (size before relaxing)
 .debug_str     0x000004b8      0x2c3 CMakeFiles/new_temp.elf.dir/Core/SYSTEM/delay/delay.c.obj
                                0x488 (size before relaxing)
 .debug_str     0x0000077b      0x657 CMakeFiles/new_temp.elf.dir/Core/Src/main.c.obj
                                0x921 (size before relaxing)
 .debug_str     0x00000dd2       0x72 CMakeFiles/new_temp.elf.dir/Core/Src/stm32f0xx_hal_msp.c.obj
                                0x6cb (size before relaxing)
 .debug_str     0x00000e44       0x7f CMakeFiles/new_temp.elf.dir/Core/Src/stm32f0xx_it.c.obj
                                0x1ee (size before relaxing)
 .debug_str     0x00000ec3       0x8a CMakeFiles/new_temp.elf.dir/Core/Src/system_stm32f0xx.c.obj
                                0x290 (size before relaxing)
 .debug_str     0x00000f4d       0x24 CMakeFiles/new_temp.elf.dir/Core/Startup/startup_stm32f030c8tx.s.obj
                                 0x48 (size before relaxing)
 .debug_str     0x00000f71      0x2ad CMakeFiles/new_temp.elf.dir/Drivers/STM32F0xx_HAL_Driver/Src/stm32f0xx_hal.c.obj
                                0x6c3 (size before relaxing)
 .debug_str     0x0000121e      0x1e6 CMakeFiles/new_temp.elf.dir/Drivers/STM32F0xx_HAL_Driver/Src/stm32f0xx_hal_cortex.c.obj
                                0x604 (size before relaxing)
 .debug_str     0x00001404      0x112 CMakeFiles/new_temp.elf.dir/Drivers/STM32F0xx_HAL_Driver/Src/stm32f0xx_hal_gpio.c.obj
                                0x413 (size before relaxing)
 .debug_str     0x00001516      0x1e5 CMakeFiles/new_temp.elf.dir/Drivers/STM32F0xx_HAL_Driver/Src/stm32f0xx_hal_rcc.c.obj
                                0x674 (size before relaxing)
 .debug_str     0x000016fb      0x5a4 CMakeFiles/new_temp.elf.dir/Drivers/STM32F0xx_HAL_Driver/Src/stm32f0xx_hal_spi.c.obj
                                0xbe1 (size before relaxing)
 .debug_str     0x00001c9f       0x82 c:/progra~2/armgnu~1/112202~1.02/bin/../lib/gcc/arm-none-eabi/11.2.1/thumb/v6-m/nofp\libgcc.a(_udivsi3.o)
                                 0x8e (size before relaxing)
 .debug_str     0x00001d21       0x8e c:/progra~2/armgnu~1/112202~1.02/bin/../lib/gcc/arm-none-eabi/11.2.1/thumb/v6-m/nofp\libgcc.a(_dvmd_tls.o)
 .debug_str     0x00001d21      0x574 c:/progra~2/armgnu~1/112202~1.02/bin/../lib/gcc/arm-none-eabi/11.2.1/thumb/v6-m/nofp\libgcc.a(_fixunssfsi.o)
                                0x678 (size before relaxing)
 .debug_str     0x00002295      0x149 c:/progra~2/armgnu~1/112202~1.02/bin/../lib/gcc/arm-none-eabi/11.2.1/thumb/v6-m/nofp\libgcc.a(mulsf3.o)
                                0x319 (size before relaxing)
 .debug_str     0x000023de       0xd8 c:/progra~2/armgnu~1/112202~1.02/bin/../lib/gcc/arm-none-eabi/11.2.1/thumb/v6-m/nofp\libgcc.a(subsf3.o)
                                0x2f4 (size before relaxing)
 .debug_str     0x000024b6       0x1d c:/progra~2/armgnu~1/112202~1.02/bin/../lib/gcc/arm-none-eabi/11.2.1/thumb/v6-m/nofp\libgcc.a(fixsfsi.o)
                                0x22c (size before relaxing)
 .debug_str     0x000024d3       0x9a c:/progra~2/armgnu~1/112202~1.02/bin/../lib/gcc/arm-none-eabi/11.2.1/thumb/v6-m/nofp\libgcc.a(adddf3.o)
                                0x331 (size before relaxing)
 .debug_str     0x0000256d       0x1b c:/progra~2/armgnu~1/112202~1.02/bin/../lib/gcc/arm-none-eabi/11.2.1/thumb/v6-m/nofp\libgcc.a(extendsfdf2.o)
                                0x266 (size before relaxing)
 .debug_str     0x00002588        0xd c:/progra~2/armgnu~1/112202~1.02/bin/../lib/gcc/arm-none-eabi/11.2.1/thumb/v6-m/nofp\libgcc.a(truncdfsf2.o)
                                0x2bc (size before relaxing)
 .debug_str     0x00002595        0xc c:/progra~2/armgnu~1/112202~1.02/bin/../lib/gcc/arm-none-eabi/11.2.1/thumb/v6-m/nofp\libgcc.a(_arm_cmpsf2.o)
                                 0x8e (size before relaxing)
 .debug_str     0x000025a1       0x8e c:/progra~2/armgnu~1/112202~1.02/bin/../lib/gcc/arm-none-eabi/11.2.1/thumb/v6-m/nofp\libgcc.a(_clzsi2.o)
 .debug_str     0x000025a1       0x2f c:/progra~2/armgnu~1/112202~1.02/bin/../lib/gcc/arm-none-eabi/11.2.1/thumb/v6-m/nofp\libgcc.a(eqsf2.o)
                                0x222 (size before relaxing)
 .debug_str     0x000025d0       0x34 c:/progra~2/armgnu~1/112202~1.02/bin/../lib/gcc/arm-none-eabi/11.2.1/thumb/v6-m/nofp\libgcc.a(gesf2.o)
                                0x246 (size before relaxing)
 .debug_str     0x00002604       0x10 c:/progra~2/armgnu~1/112202~1.02/bin/../lib/gcc/arm-none-eabi/11.2.1/thumb/v6-m/nofp\libgcc.a(lesf2.o)
                                0x246 (size before relaxing)
 .debug_str     0x00002614      0x1ca c:/progra~2/armgnu~1/112202~1.02/bin/../lib/gcc/arm-none-eabi/11.2.1/thumb/v6-m/nofp\libg.a(lib_a-init.o)
                                0x26b (size before relaxing)
 .debug_str     0x000027de       0xf3 c:/progra~2/armgnu~1/112202~1.02/bin/../lib/gcc/arm-none-eabi/11.2.1/thumb/v6-m/nofp\libg.a(lib_a-memset.o)
                                0x220 (size before relaxing)

.debug_frame    0x00000000     0x119c
 .debug_frame   0x00000000      0x294 CMakeFiles/new_temp.elf.dir/Core/HARDWARE/LCD/lcd.c.obj
 .debug_frame   0x00000294       0xb4 CMakeFiles/new_temp.elf.dir/Core/HARDWARE/LCD/lcd_init.c.obj
 .debug_frame   0x00000348       0x48 CMakeFiles/new_temp.elf.dir/Core/SYSTEM/delay/delay.c.obj
 .debug_frame   0x00000390       0xa0 CMakeFiles/new_temp.elf.dir/Core/Src/main.c.obj
 .debug_frame   0x00000430       0x58 CMakeFiles/new_temp.elf.dir/Core/Src/stm32f0xx_hal_msp.c.obj
 .debug_frame   0x00000488       0x68 CMakeFiles/new_temp.elf.dir/Core/Src/stm32f0xx_it.c.obj
 .debug_frame   0x000004f0       0x38 CMakeFiles/new_temp.elf.dir/Core/Src/system_stm32f0xx.c.obj
 .debug_frame   0x00000528      0x1ac CMakeFiles/new_temp.elf.dir/Drivers/STM32F0xx_HAL_Driver/Src/stm32f0xx_hal.c.obj
 .debug_frame   0x000006d4       0xe4 CMakeFiles/new_temp.elf.dir/Drivers/STM32F0xx_HAL_Driver/Src/stm32f0xx_hal_cortex.c.obj
 .debug_frame   0x000007b8       0xc0 CMakeFiles/new_temp.elf.dir/Drivers/STM32F0xx_HAL_Driver/Src/stm32f0xx_hal_gpio.c.obj
 .debug_frame   0x00000878      0x138 CMakeFiles/new_temp.elf.dir/Drivers/STM32F0xx_HAL_Driver/Src/stm32f0xx_hal_rcc.c.obj
 .debug_frame   0x000009b0      0x5a4 CMakeFiles/new_temp.elf.dir/Drivers/STM32F0xx_HAL_Driver/Src/stm32f0xx_hal_spi.c.obj
 .debug_frame   0x00000f54       0x20 c:/progra~2/armgnu~1/112202~1.02/bin/../lib/gcc/arm-none-eabi/11.2.1/thumb/v6-m/nofp\libgcc.a(_udivsi3.o)
 .debug_frame   0x00000f74       0x28 c:/progra~2/armgnu~1/112202~1.02/bin/../lib/gcc/arm-none-eabi/11.2.1/thumb/v6-m/nofp\libgcc.a(_fixunssfsi.o)
 .debug_frame   0x00000f9c       0x38 c:/progra~2/armgnu~1/112202~1.02/bin/../lib/gcc/arm-none-eabi/11.2.1/thumb/v6-m/nofp\libgcc.a(mulsf3.o)
 .debug_frame   0x00000fd4       0x34 c:/progra~2/armgnu~1/112202~1.02/bin/../lib/gcc/arm-none-eabi/11.2.1/thumb/v6-m/nofp\libgcc.a(subsf3.o)
 .debug_frame   0x00001008       0x20 c:/progra~2/armgnu~1/112202~1.02/bin/../lib/gcc/arm-none-eabi/11.2.1/thumb/v6-m/nofp\libgcc.a(fixsfsi.o)
 .debug_frame   0x00001028       0x38 c:/progra~2/armgnu~1/112202~1.02/bin/../lib/gcc/arm-none-eabi/11.2.1/thumb/v6-m/nofp\libgcc.a(adddf3.o)
 .debug_frame   0x00001060       0x2c c:/progra~2/armgnu~1/112202~1.02/bin/../lib/gcc/arm-none-eabi/11.2.1/thumb/v6-m/nofp\libgcc.a(extendsfdf2.o)
 .debug_frame   0x0000108c       0x30 c:/progra~2/armgnu~1/112202~1.02/bin/../lib/gcc/arm-none-eabi/11.2.1/thumb/v6-m/nofp\libgcc.a(truncdfsf2.o)
 .debug_frame   0x000010bc       0x2c c:/progra~2/armgnu~1/112202~1.02/bin/../lib/gcc/arm-none-eabi/11.2.1/thumb/v6-m/nofp\libgcc.a(eqsf2.o)
 .debug_frame   0x000010e8       0x2c c:/progra~2/armgnu~1/112202~1.02/bin/../lib/gcc/arm-none-eabi/11.2.1/thumb/v6-m/nofp\libgcc.a(gesf2.o)
 .debug_frame   0x00001114       0x2c c:/progra~2/armgnu~1/112202~1.02/bin/../lib/gcc/arm-none-eabi/11.2.1/thumb/v6-m/nofp\libgcc.a(lesf2.o)
 .debug_frame   0x00001140       0x2c c:/progra~2/armgnu~1/112202~1.02/bin/../lib/gcc/arm-none-eabi/11.2.1/thumb/v6-m/nofp\libg.a(lib_a-init.o)
 .debug_frame   0x0000116c       0x30 c:/progra~2/armgnu~1/112202~1.02/bin/../lib/gcc/arm-none-eabi/11.2.1/thumb/v6-m/nofp\libg.a(lib_a-memset.o)

.debug_line_str
                0x00000000       0x96
 .debug_line_str
                0x00000000       0x37 CMakeFiles/new_temp.elf.dir/Core/Startup/startup_stm32f030c8tx.s.obj
                                 0x6e (size before relaxing)
 .debug_line_str
                0x00000037       0x53 c:/progra~2/armgnu~1/112202~1.02/bin/../lib/gcc/arm-none-eabi/11.2.1/thumb/v6-m/nofp\libgcc.a(_udivsi3.o)
                                 0xa6 (size before relaxing)
 .debug_line_str
                0x0000008a       0xa6 c:/progra~2/armgnu~1/112202~1.02/bin/../lib/gcc/arm-none-eabi/11.2.1/thumb/v6-m/nofp\libgcc.a(_dvmd_tls.o)
 .debug_line_str
                0x0000008a        0xc c:/progra~2/armgnu~1/112202~1.02/bin/../lib/gcc/arm-none-eabi/11.2.1/thumb/v6-m/nofp\libgcc.a(_arm_cmpsf2.o)
                                 0xa6 (size before relaxing)
 .debug_line_str
                0x00000096       0xa6 c:/progra~2/armgnu~1/112202~1.02/bin/../lib/gcc/arm-none-eabi/11.2.1/thumb/v6-m/nofp\libgcc.a(_clzsi2.o)
